Archive member included to satisfy reference by file (symbol)

/home/tharnath/.pico-sdk/toolchain/13_2_Rel1/bin/../lib/gcc/arm-none-eabi/13.2.1/thumb/v6-m/nofp/libgcc.a(_dvmd_tls.o)
                              src/CMakeFiles/main.dir/home/tharnath/.pico-sdk/sdk/2.0.0/src/rp2_common/pico_divider/divider_hardware.S.obj (__aeabi_idiv0)
/home/tharnath/.pico-sdk/toolchain/13_2_Rel1/bin/../lib/gcc/arm-none-eabi/13.2.1/../../../../arm-none-eabi/lib/thumb/v6-m/nofp/libg.a(libc_a-strncmp.o)
                              src/CMakeFiles/main.dir/home/tharnath/.pico-sdk/sdk/2.0.0/lib/cyw43-driver/src/cyw43_ll.c.obj (strncmp)
/home/tharnath/.pico-sdk/toolchain/13_2_Rel1/bin/../lib/gcc/arm-none-eabi/13.2.1/../../../../arm-none-eabi/lib/thumb/v6-m/nofp/libg.a(libc_a-lcltime_r.o)
                              src/CMakeFiles/main.dir/home/tharnath/.pico-sdk/sdk/2.0.0/src/common/pico_util/datetime.c.obj (localtime_r)
/home/tharnath/.pico-sdk/toolchain/13_2_Rel1/bin/../lib/gcc/arm-none-eabi/13.2.1/../../../../arm-none-eabi/lib/thumb/v6-m/nofp/libg.a(libc_a-mktime.o)
                              src/CMakeFiles/main.dir/home/tharnath/.pico-sdk/sdk/2.0.0/src/common/pico_util/datetime.c.obj (mktime)
/home/tharnath/.pico-sdk/toolchain/13_2_Rel1/bin/../lib/gcc/arm-none-eabi/13.2.1/../../../../arm-none-eabi/lib/thumb/v6-m/nofp/libg.a(libc_a-month_lengths.o)
                              /home/tharnath/.pico-sdk/toolchain/13_2_Rel1/bin/../lib/gcc/arm-none-eabi/13.2.1/../../../../arm-none-eabi/lib/thumb/v6-m/nofp/libg.a(libc_a-lcltime_r.o) (__month_lengths)
/home/tharnath/.pico-sdk/toolchain/13_2_Rel1/bin/../lib/gcc/arm-none-eabi/13.2.1/../../../../arm-none-eabi/lib/thumb/v6-m/nofp/libg.a(libc_a-tzcalc_limits.o)
                              /home/tharnath/.pico-sdk/toolchain/13_2_Rel1/bin/../lib/gcc/arm-none-eabi/13.2.1/../../../../arm-none-eabi/lib/thumb/v6-m/nofp/libg.a(libc_a-lcltime_r.o) (__tzcalc_limits)
/home/tharnath/.pico-sdk/toolchain/13_2_Rel1/bin/../lib/gcc/arm-none-eabi/13.2.1/../../../../arm-none-eabi/lib/thumb/v6-m/nofp/libg.a(libc_a-tzlock.o)
                              /home/tharnath/.pico-sdk/toolchain/13_2_Rel1/bin/../lib/gcc/arm-none-eabi/13.2.1/../../../../arm-none-eabi/lib/thumb/v6-m/nofp/libg.a(libc_a-lcltime_r.o) (__tz_lock)
/home/tharnath/.pico-sdk/toolchain/13_2_Rel1/bin/../lib/gcc/arm-none-eabi/13.2.1/../../../../arm-none-eabi/lib/thumb/v6-m/nofp/libg.a(libc_a-malloc.o)
                              src/CMakeFiles/main.dir/home/tharnath/.pico-sdk/sdk/2.0.0/src/rp2_common/pico_malloc/malloc.c.obj (malloc)
/home/tharnath/.pico-sdk/toolchain/13_2_Rel1/bin/../lib/gcc/arm-none-eabi/13.2.1/../../../../arm-none-eabi/lib/thumb/v6-m/nofp/libg.a(libc_a-mallocr.o)
                              /home/tharnath/.pico-sdk/toolchain/13_2_Rel1/bin/../lib/gcc/arm-none-eabi/13.2.1/../../../../arm-none-eabi/lib/thumb/v6-m/nofp/libg.a(libc_a-malloc.o) (_malloc_r)
/home/tharnath/.pico-sdk/toolchain/13_2_Rel1/bin/../lib/gcc/arm-none-eabi/13.2.1/../../../../arm-none-eabi/lib/thumb/v6-m/nofp/libg.a(libc_a-memcmp.o)
                              src/CMakeFiles/main.dir/home/tharnath/.pico-sdk/sdk/2.0.0/src/rp2_common/pico_atomic/atomic.c.obj (memcmp)
/home/tharnath/.pico-sdk/toolchain/13_2_Rel1/bin/../lib/gcc/arm-none-eabi/13.2.1/../../../../arm-none-eabi/lib/thumb/v6-m/nofp/libg.a(libc_a-memmove.o)
                              src/CMakeFiles/main.dir/home/tharnath/.pico-sdk/sdk/2.0.0/lib/cyw43-driver/src/cyw43_ll.c.obj (memmove)
/home/tharnath/.pico-sdk/toolchain/13_2_Rel1/bin/../lib/gcc/arm-none-eabi/13.2.1/../../../../arm-none-eabi/lib/thumb/v6-m/nofp/libg.a(libc_a-tzset.o)
                              /home/tharnath/.pico-sdk/toolchain/13_2_Rel1/bin/../lib/gcc/arm-none-eabi/13.2.1/../../../../arm-none-eabi/lib/thumb/v6-m/nofp/libg.a(libc_a-lcltime_r.o) (_tzset_unlocked)
/home/tharnath/.pico-sdk/toolchain/13_2_Rel1/bin/../lib/gcc/arm-none-eabi/13.2.1/../../../../arm-none-eabi/lib/thumb/v6-m/nofp/libg.a(libc_a-tzset_r.o)
                              /home/tharnath/.pico-sdk/toolchain/13_2_Rel1/bin/../lib/gcc/arm-none-eabi/13.2.1/../../../../arm-none-eabi/lib/thumb/v6-m/nofp/libg.a(libc_a-tzset.o) (_tzset_unlocked_r)
/home/tharnath/.pico-sdk/toolchain/13_2_Rel1/bin/../lib/gcc/arm-none-eabi/13.2.1/../../../../arm-none-eabi/lib/thumb/v6-m/nofp/libg.a(libc_a-init.o)
                              /home/tharnath/.pico-sdk/toolchain/13_2_Rel1/bin/../lib/gcc/arm-none-eabi/13.2.1/../../../../arm-none-eabi/lib/thumb/v6-m/nofp/crt0.o (__libc_init_array)
/home/tharnath/.pico-sdk/toolchain/13_2_Rel1/bin/../lib/gcc/arm-none-eabi/13.2.1/../../../../arm-none-eabi/lib/thumb/v6-m/nofp/libg.a(libc_a-tzvars.o)
                              /home/tharnath/.pico-sdk/toolchain/13_2_Rel1/bin/../lib/gcc/arm-none-eabi/13.2.1/../../../../arm-none-eabi/lib/thumb/v6-m/nofp/libg.a(libc_a-tzset_r.o) (_timezone)
[...]
Memory Configuration

Name             Origin             Length             Attributes
FLASH            0x10000000         0x00200000         xr
RAM              0x20000000         0x00040000         xrw
SCRATCH_X        0x20040000         0x00001000         xrw
SCRATCH_Y        0x20041000         0x00001000         xrw
*default*        0x00000000         0xffffffff

Linker script and memory map

LOAD /home/tharnath/.pico-sdk/toolchain/13_2_Rel1/bin/../lib/gcc/arm-none-eabi/13.2.1/thumb/v6-m/nofp/crti.o
LOAD /home/tharnath/.pico-sdk/toolchain/13_2_Rel1/bin/../lib/gcc/arm-none-eabi/13.2.1/thumb/v6-m/nofp/crtbegin.o
LOAD /home/tharnath/.pico-sdk/toolchain/13_2_Rel1/bin/../lib/gcc/arm-none-eabi/13.2.1/../../../../arm-none-eabi/lib/thumb/v6-m/nofp/crt0.o

.flash_begin    0x10000000        0x0
                0x10000000                        __flash_binary_start = .

.boot2          0x10000000      0x100
                0x10000000                        __boot2_start__ = .
 *(.boot2)
 .boot2         0x10000000      0x100 /tmp/ccj5nZNB.o
                0x10000100                        __boot2_end__ = .
                0x00000001                        ASSERT (((__boot2_end__ - __boot2_start__) == 0x100), ERROR: Pico second stage bootloader must be 256 bytes in size)

.text           0x10000100     0x4d08
                0x10000100                        __logical_binary_start = .
 *(.vectors)
 .vectors       0x10000100       0xd4 src/CMakeFiles/main.dir/home/tharnath/.pico-sdk/sdk/2.0.0/src/rp2_common/pico_crt0/crt0.S.obj
                0x10000100                __vectors
                0x10000100                __VECTOR_TABLE
                0x100001c0                isr_invalid
                0x100001c0                __default_isrs_start
                0x100001c2                isr_nmi
                0x100001c4                isr_hardfault
                0x100001c6                isr_svcall
                0x100001c8                isr_pendsv
                0x100001ca                isr_systick
                0x100001cc                isr_irq30
                0x100001cc                __unhandled_user_irq
                0x100001cc                isr_irq13
                0x100001cc                isr_irq27
                0x100001cc                isr_irq31
                0x100001cc                isr_irq5
                0x100001cc                isr_irq11
                0x100001cc                isr_irq23
                0x100001cc                isr_irq18
                0x100001cc                isr_irq28
                0x100001cc                isr_irq19
                0x100001cc                isr_irq0
                0x100001cc                isr_irq6
                0x100001cc                isr_irq22
                0x100001cc                isr_irq17
                0x100001cc                isr_irq14
                0x100001cc                isr_irq2
                0x100001cc                isr_irq10
                0x100001cc                isr_irq8
                0x100001cc                isr_irq24
                0x100001cc                isr_irq1
                0x100001cc                isr_irq7
                0x100001cc                isr_irq21
                0x100001cc                isr_irq20
                0x100001cc                isr_irq15
                0x100001cc                isr_irq25
                0x100001cc                isr_irq4
                0x100001cc                isr_irq16
                0x100001cc                isr_irq29
                0x100001cc                isr_irq26
                0x100001cc                __default_isrs_end
                0x100001cc                isr_irq3
                0x100001cc                isr_irq12
                0x100001cc                isr_irq9
                0x100001d2                unhandled_user_irq_num_in_r0
 *(.binary_info_header)
 .binary_info_header
                0x100001d4       0x14 src/CMakeFiles/main.dir/home/tharnath/.pico-sdk/sdk/2.0.0/src/rp2_common/pico_crt0/crt0.S.obj
                0x100001e8                        __binary_info_header_end = .
 *(.embedded_block)
                0x100001e8                        __embedded_block_end = .
 *(.reset)
 .reset         0x100001e8       0x9c src/CMakeFiles/main.dir/home/tharnath/.pico-sdk/sdk/2.0.0/src/rp2_common/pico_crt0/crt0.S.obj
                0x100001e8                _entry_point
 *(.init)
 .init          0x10000284        0x4 /home/tharnath/.pico-sdk/toolchain/13_2_Rel1/bin/../lib/gcc/arm-none-eabi/13.2.1/thumb/v6-m/nofp/crti.o
                0x10000284                _init
 *(EXCLUDE_FILE(*libm.a: *libc.a:*lib_a-mem*.o *libgcc.a:) .text*)
 .text.register_tm_clones
                0x10000288       0x28 /home/tharnath/.pico-sdk/toolchain/13_2_Rel1/bin/../lib/gcc/arm-none-eabi/13.2.1/thumb/v6-m/nofp/crtbegin.o
 .text.frame_dummy
                0x100002b0       0x24 /home/tharnath/.pico-sdk/toolchain/13_2_Rel1/bin/../lib/gcc/arm-none-eabi/13.2.1/thumb/v6-m/nofp/crtbegin.o
 .text.main     0x100002d4       0x34 src/CMakeFiles/main.dir/main.c.obj
                0x100002d4                main
 .text.mpu6050_init
                0x10000308       0x3c src/CMakeFiles/main.dir/mpu6050.c.obj
                0x10000308                mpu6050_init
 .text.mpu6050_get_chip_id
                0x10000344       0x44 src/CMakeFiles/main.dir/mpu6050.c.obj
                0x10000344                mpu6050_get_chip_id
 .text.gpio_set_function
                0x10000388       0x34 src/CMakeFiles/main.dir/home/tharnath/.pico-sdk/sdk/2.0.0/src/rp2_common/hardware_gpio/gpio.c.obj
                0x10000388                gpio_set_function
 .text.gpio_set_pulls
                0x100003bc       0x38 src/CMakeFiles/main.dir/home/tharnath/.pico-sdk/sdk/2.0.0/src/rp2_common/hardware_gpio/gpio.c.obj
                0x100003bc                gpio_set_pulls
 .text.panic    0x100003f4       0x30 src/CMakeFiles/main.dir/home/tharnath/.pico-sdk/sdk/2.0.0/src/rp2_common/pico_platform_panic/panic.c.obj
                0x100003f4                panic
 .text.hw_claim_lock
                0x10000424       0x18 src/CMakeFiles/main.dir/home/tharnath/.pico-sdk/sdk/2.0.0/src/common/hardware_claim/claim.c.obj
                0x10000424                hw_claim_lock
 .text.hw_claim_unlock
                0x1000043c       0x14 src/CMakeFiles/main.dir/home/tharnath/.pico-sdk/sdk/2.0.0/src/common/hardware_claim/claim.c.obj
                0x1000043c                hw_claim_unlock
 .text.hw_claim_or_assert
                0x10000450       0x32 src/CMakeFiles/main.dir/home/tharnath/.pico-sdk/sdk/2.0.0/src/common/hardware_claim/claim.c.obj
                0x10000450                hw_claim_or_assert
 *fill*         0x10000482        0x2 
 .text.next_striped_spin_lock_num
                0x10000484       0x1c src/CMakeFiles/main.dir/home/tharnath/.pico-sdk/sdk/2.0.0/src/rp2_common/hardware_sync/sync.c.obj
                0x10000484                next_striped_spin_lock_num
 .text.spin_locks_reset
                0x100004a0       0x20 src/CMakeFiles/main.dir/home/tharnath/.pico-sdk/sdk/2.0.0/src/rp2_common/hardware_sync_spin_lock/sync_spin_lock.c.obj
                0x100004a0                spin_locks_reset
 .text.set_raw_irq_handler_and_unlock
                0x100004c0       0x28 src/CMakeFiles/main.dir/home/tharnath/.pico-sdk/sdk/2.0.0/src/rp2_common/hardware_irq/irq.c.obj
 .text.nvic_ipr0
                0x100004e8        0x8 src/CMakeFiles/main.dir/home/tharnath/.pico-sdk/sdk/2.0.0/src/rp2_common/hardware_irq/irq.c.obj
 .text.runtime_init_per_core_irq_priorities
                0x100004f0       0x1c src/CMakeFiles/main.dir/home/tharnath/.pico-sdk/sdk/2.0.0/src/rp2_common/hardware_irq/irq.c.obj
                0x100004f0                runtime_init_per_core_irq_priorities
 .text.resolve_j_16
                0x1000050c       0x30 src/CMakeFiles/main.dir/home/tharnath/.pico-sdk/sdk/2.0.0/src/rp2_common/hardware_irq/irq.c.obj
 .text.make_j_16
                0x1000053c       0x48 src/CMakeFiles/main.dir/home/tharnath/.pico-sdk/sdk/2.0.0/src/rp2_common/hardware_irq/irq.c.obj
 .text.insert_bl_32
                0x10000584       0x40 src/CMakeFiles/main.dir/home/tharnath/.pico-sdk/sdk/2.0.0/src/rp2_common/hardware_irq/irq.c.obj
 .text.irq_is_enabled
                0x100005c4       0x18 src/CMakeFiles/main.dir/home/tharnath/.pico-sdk/sdk/2.0.0/src/rp2_common/hardware_irq/irq.c.obj
                0x100005c4                irq_is_enabled
 .text.irq_set_mask_n_enabled
                0x100005dc       0x1c src/CMakeFiles/main.dir/home/tharnath/.pico-sdk/sdk/2.0.0/src/rp2_common/hardware_irq/irq.c.obj
                0x100005dc                irq_set_mask_n_enabled
 .text.irq_set_enabled
                0x100005f8       0x14 src/CMakeFiles/main.dir/home/tharnath/.pico-sdk/sdk/2.0.0/src/rp2_common/hardware_irq/irq.c.obj
                0x100005f8                irq_set_enabled
 .text.irq_get_vtable_handler
                0x1000060c       0x10 src/CMakeFiles/main.dir/home/tharnath/.pico-sdk/sdk/2.0.0/src/rp2_common/hardware_irq/irq.c.obj
                0x1000060c                irq_get_vtable_handler
 .text.irq_set_exclusive_handler
                0x1000061c       0x54 src/CMakeFiles/main.dir/home/tharnath/.pico-sdk/sdk/2.0.0/src/rp2_common/hardware_irq/irq.c.obj
                0x1000061c                irq_set_exclusive_handler
 .text.irq_remove_handler
                0x10000670      0x18c src/CMakeFiles/main.dir/home/tharnath/.pico-sdk/sdk/2.0.0/src/rp2_common/hardware_irq/irq.c.obj
                0x10000670                irq_remove_handler
 .text.irq_add_tail_to_free_list
                0x100007fc       0xf4 src/CMakeFiles/main.dir/home/tharnath/.pico-sdk/sdk/2.0.0/src/rp2_common/hardware_irq/irq.c.obj
                0x100007fc                irq_add_tail_to_free_list
 .text.lock_init
                0x100008f0       0x10 src/CMakeFiles/main.dir/home/tharnath/.pico-sdk/sdk/2.0.0/src/common/pico_sync/lock_core.c.obj
                0x100008f0                lock_init
 .text.mutex_init
                0x10000900       0x1c src/CMakeFiles/main.dir/home/tharnath/.pico-sdk/sdk/2.0.0/src/common/pico_sync/mutex.c.obj
                0x10000900                mutex_init
 .text.recursive_mutex_init
                0x1000091c       0x20 src/CMakeFiles/main.dir/home/tharnath/.pico-sdk/sdk/2.0.0/src/common/pico_sync/mutex.c.obj
                0x1000091c                recursive_mutex_init
 .text.runtime_init_mutex
                0x1000093c       0x4c src/CMakeFiles/main.dir/home/tharnath/.pico-sdk/sdk/2.0.0/src/common/pico_sync/mutex.c.obj
                0x1000093c                runtime_init_mutex
 .text.make_alarm_id
                0x10000988        0x6 src/CMakeFiles/main.dir/home/tharnath/.pico-sdk/sdk/2.0.0/src/common/pico_time/time.c.obj
 *fill*         0x1000098e        0x2 
 .text.alarm_pool_irq_handler
                0x10000990      0x2e0 src/CMakeFiles/main.dir/home/tharnath/.pico-sdk/sdk/2.0.0/src/common/pico_time/time.c.obj
 .text.ta_enable_irq_handler
                0x10000c70       0x2c src/CMakeFiles/main.dir/home/tharnath/.pico-sdk/sdk/2.0.0/src/common/pico_time/time.c.obj
 .text.alarm_pool_post_alloc_init
                0x10000c9c       0x78 src/CMakeFiles/main.dir/home/tharnath/.pico-sdk/sdk/2.0.0/src/common/pico_time/time.c.obj
 .text.sleep_until_callback
                0x10000d14       0x28 src/CMakeFiles/main.dir/home/tharnath/.pico-sdk/sdk/2.0.0/src/common/pico_time/time.c.obj
 .text.alarm_pool_get_default
                0x10000d3c       0x2c src/CMakeFiles/main.dir/home/tharnath/.pico-sdk/sdk/2.0.0/src/common/pico_time/time.c.obj
                0x10000d3c                alarm_pool_get_default
 .text.alarm_pool_add_alarm_at_force_in_context
                0x10000d68       0xa4 src/CMakeFiles/main.dir/home/tharnath/.pico-sdk/sdk/2.0.0/src/common/pico_time/time.c.obj
                0x10000d68                alarm_pool_add_alarm_at_force_in_context
 .text.alarm_pool_add_alarm_at
                0x10000e0c       0x3c src/CMakeFiles/main.dir/home/tharnath/.pico-sdk/sdk/2.0.0/src/common/pico_time/time.c.obj
                0x10000e0c                alarm_pool_add_alarm_at
 .text.add_alarm_at
                0x10000e48       0x2e src/CMakeFiles/main.dir/home/tharnath/.pico-sdk/sdk/2.0.0/src/common/pico_time/time.c.obj
 *fill*         0x10000e76        0x2 
 .text.alarm_pool_cancel_alarm
                0x10000e78       0x78 src/CMakeFiles/main.dir/home/tharnath/.pico-sdk/sdk/2.0.0/src/common/pico_time/time.c.obj
                0x10000e78                alarm_pool_cancel_alarm
 .text.cancel_alarm
                0x10000ef0       0x10 src/CMakeFiles/main.dir/home/tharnath/.pico-sdk/sdk/2.0.0/src/common/pico_time/time.c.obj
 .text.sleep_until
                0x10000f00       0xb4 src/CMakeFiles/main.dir/home/tharnath/.pico-sdk/sdk/2.0.0/src/common/pico_time/time.c.obj
                0x10000f00                sleep_until
 .text.sleep_us
                0x10000fb4       0x24 src/CMakeFiles/main.dir/home/tharnath/.pico-sdk/sdk/2.0.0/src/common/pico_time/time.c.obj
                0x10000fb4                sleep_us
 .text.sleep_ms
                0x10000fd8       0x14 src/CMakeFiles/main.dir/home/tharnath/.pico-sdk/sdk/2.0.0/src/common/pico_time/time.c.obj
                0x10000fd8                sleep_ms
 .text.best_effort_wfe_or_timeout
                0x10000fec       0xc4 src/CMakeFiles/main.dir/home/tharnath/.pico-sdk/sdk/2.0.0/src/common/pico_time/time.c.obj
                0x10000fec                best_effort_wfe_or_timeout
 .text.alarm_pool_get_default_timer
                0x100010b0        0x8 src/CMakeFiles/main.dir/home/tharnath/.pico-sdk/sdk/2.0.0/src/common/pico_time/time.c.obj
                0x100010b0                alarm_pool_get_default_timer
 .text.runtime_init_default_alarm_pool
                0x100010b8       0x38 src/CMakeFiles/main.dir/home/tharnath/.pico-sdk/sdk/2.0.0/src/common/pico_time/time.c.obj
                0x100010b8                runtime_init_default_alarm_pool
 .text.timer_hardware_alarm_claim
                0x100010f0       0x14 src/CMakeFiles/main.dir/home/tharnath/.pico-sdk/sdk/2.0.0/src/rp2_common/hardware_timer/timer.c.obj
                0x100010f0                timer_hardware_alarm_claim
 .text.timer_time_us_64
                0x10001104       0x10 src/CMakeFiles/main.dir/home/tharnath/.pico-sdk/sdk/2.0.0/src/rp2_common/hardware_timer/timer.c.obj
                0x10001104                timer_time_us_64
 .text.timer_busy_wait_until
                0x10001114       0x1a src/CMakeFiles/main.dir/home/tharnath/.pico-sdk/sdk/2.0.0/src/rp2_common/hardware_timer/timer.c.obj
                0x10001114                timer_busy_wait_until
 .text.timer_busy_wait_us
                0x1000112e       0x38 src/CMakeFiles/main.dir/home/tharnath/.pico-sdk/sdk/2.0.0/src/rp2_common/hardware_timer/timer.c.obj
                0x1000112e                timer_busy_wait_us
 *fill*         0x10001166        0x2 
 .text.time_us_64
                0x10001168       0x10 src/CMakeFiles/main.dir/home/tharnath/.pico-sdk/sdk/2.0.0/src/rp2_common/hardware_timer/timer.c.obj
                0x10001168                time_us_64
 .text.busy_wait_us
                0x10001178       0x14 src/CMakeFiles/main.dir/home/tharnath/.pico-sdk/sdk/2.0.0/src/rp2_common/hardware_timer/timer.c.obj
                0x10001178                busy_wait_us
 .text.busy_wait_until
                0x1000118c       0x14 src/CMakeFiles/main.dir/home/tharnath/.pico-sdk/sdk/2.0.0/src/rp2_common/hardware_timer/timer.c.obj
                0x1000118c                busy_wait_until
 .text.uart_unreset
                0x100011a0       0x2c src/CMakeFiles/main.dir/home/tharnath/.pico-sdk/sdk/2.0.0/src/rp2_common/hardware_uart/uart.c.obj
 .text.uart_disable_before_lcr_write
                0x100011cc       0x48 src/CMakeFiles/main.dir/home/tharnath/.pico-sdk/sdk/2.0.0/src/rp2_common/hardware_uart/uart.c.obj
 .text.uart_write_lcr_bits_masked
                0x10001214       0x20 src/CMakeFiles/main.dir/home/tharnath/.pico-sdk/sdk/2.0.0/src/rp2_common/hardware_uart/uart.c.obj
 .text.uart_set_baudrate
                0x10001234       0x5c src/CMakeFiles/main.dir/home/tharnath/.pico-sdk/sdk/2.0.0/src/rp2_common/hardware_uart/uart.c.obj
                0x10001234                uart_set_baudrate
 .text.uart_set_translate_crlf
                0x10001290       0x28 src/CMakeFiles/main.dir/home/tharnath/.pico-sdk/sdk/2.0.0/src/rp2_common/hardware_uart/uart.c.obj
                0x10001290                uart_set_translate_crlf
 .text.uart_init
                0x100012b8       0x64 src/CMakeFiles/main.dir/home/tharnath/.pico-sdk/sdk/2.0.0/src/rp2_common/hardware_uart/uart.c.obj
                0x100012b8                uart_init
 .text.clock_configure_internal
                0x1000131c       0xc4 src/CMakeFiles/main.dir/home/tharnath/.pico-sdk/sdk/2.0.0/src/rp2_common/hardware_clocks/clocks.c.obj
 .text.clock_configure_int_divider
                0x100013e0       0x28 src/CMakeFiles/main.dir/home/tharnath/.pico-sdk/sdk/2.0.0/src/rp2_common/hardware_clocks/clocks.c.obj
                0x100013e0                clock_configure_int_divider
 .text.clock_configure_undivided
                0x10001408       0x12 src/CMakeFiles/main.dir/home/tharnath/.pico-sdk/sdk/2.0.0/src/rp2_common/hardware_clocks/clocks.c.obj
                0x10001408                clock_configure_undivided
 *fill*         0x1000141a        0x2 
 .text.clock_get_hz
                0x1000141c        0xc src/CMakeFiles/main.dir/home/tharnath/.pico-sdk/sdk/2.0.0/src/rp2_common/hardware_clocks/clocks.c.obj
                0x1000141c                clock_get_hz
 .text.pll_init
                0x10001428      0x124 src/CMakeFiles/main.dir/home/tharnath/.pico-sdk/sdk/2.0.0/src/rp2_common/hardware_pll/pll.c.obj
                0x10001428                pll_init
 .text.tick_start
                0x1000154c       0x10 src/CMakeFiles/main.dir/home/tharnath/.pico-sdk/sdk/2.0.0/src/rp2_common/hardware_ticks/ticks.c.obj
                0x1000154c                tick_start
 .text.xosc_init
                0x1000155c       0x28 src/CMakeFiles/main.dir/home/tharnath/.pico-sdk/sdk/2.0.0/src/rp2_common/hardware_xosc/xosc.c.obj
                0x1000155c                xosc_init
 .text.runtime_run_initializers_from
                0x10001584       0x18 src/CMakeFiles/main.dir/home/tharnath/.pico-sdk/sdk/2.0.0/src/rp2_common/pico_runtime/runtime.c.obj
 .text.first_per_core_initializer
                0x1000159c        0x2 src/CMakeFiles/main.dir/home/tharnath/.pico-sdk/sdk/2.0.0/src/rp2_common/pico_runtime/runtime.c.obj
 *fill*         0x1000159e        0x2 
 .text.runtime_run_initializers
                0x100015a0       0x10 src/CMakeFiles/main.dir/home/tharnath/.pico-sdk/sdk/2.0.0/src/rp2_common/pico_runtime/runtime.c.obj
                0x100015a0                runtime_run_initializers
 .text.runtime_init_early_resets
                0x100015b0       0x2c src/CMakeFiles/main.dir/home/tharnath/.pico-sdk/sdk/2.0.0/src/rp2_common/pico_runtime_init/runtime_init.c.obj
                0x100015b0                runtime_init_early_resets
 .text.runtime_init_usb_power_down
                0x100015dc       0x1c src/CMakeFiles/main.dir/home/tharnath/.pico-sdk/sdk/2.0.0/src/rp2_common/pico_runtime_init/runtime_init.c.obj
                0x100015dc                runtime_init_usb_power_down
 .text.runtime_init_post_clock_resets
                0x100015f8       0x20 src/CMakeFiles/main.dir/home/tharnath/.pico-sdk/sdk/2.0.0/src/rp2_common/pico_runtime_init/runtime_init.c.obj
                0x100015f8                runtime_init_post_clock_resets
 .text.runtime_init_rp2040_gpio_ie_disable
                0x10001618       0x14 src/CMakeFiles/main.dir/home/tharnath/.pico-sdk/sdk/2.0.0/src/rp2_common/pico_runtime_init/runtime_init.c.obj
                0x10001618                runtime_init_rp2040_gpio_ie_disable
 .text.runtime_init_spin_locks_reset
                0x1000162c        0x8 src/CMakeFiles/main.dir/home/tharnath/.pico-sdk/sdk/2.0.0/src/rp2_common/pico_runtime_init/runtime_init.c.obj
                0x1000162c                runtime_init_spin_locks_reset
 .text.runtime_init_install_ram_vector_table
                0x10001634       0x1c src/CMakeFiles/main.dir/home/tharnath/.pico-sdk/sdk/2.0.0/src/rp2_common/pico_runtime_init/runtime_init.c.obj
                0x10001634                runtime_init_install_ram_vector_table
 .text.start_all_ticks
                0x10001650       0x28 src/CMakeFiles/main.dir/home/tharnath/.pico-sdk/sdk/2.0.0/src/rp2_common/pico_runtime_init/runtime_init_clocks.c.obj
 .text.runtime_init_clocks
                0x10001678       0xcc src/CMakeFiles/main.dir/home/tharnath/.pico-sdk/sdk/2.0.0/src/rp2_common/pico_runtime_init/runtime_init_clocks.c.obj
                0x10001678                runtime_init_clocks
 .text          0x10001744       0x10 src/CMakeFiles/main.dir/home/tharnath/.pico-sdk/sdk/2.0.0/src/rp2_common/pico_bit_ops/bit_ops_aeabi.S.obj
 .text.rom_func_lookup
                0x10001754       0x10 src/CMakeFiles/main.dir/home/tharnath/.pico-sdk/sdk/2.0.0/src/rp2_common/pico_bootrom/bootrom.c.obj
                0x10001754                rom_func_lookup
 .text.rom_data_lookup
                0x10001764       0x10 src/CMakeFiles/main.dir/home/tharnath/.pico-sdk/sdk/2.0.0/src/rp2_common/pico_bootrom/bootrom.c.obj
                0x10001764                rom_data_lookup
 .text.rom_funcs_lookup
                0x10001774       0x36 src/CMakeFiles/main.dir/home/tharnath/.pico-sdk/sdk/2.0.0/src/rp2_common/pico_bootrom/bootrom.c.obj
                0x10001774                rom_funcs_lookup
 *fill*         0x100017aa        0x2 
 .text.rom_reset_usb_boot
                0x100017ac       0x18 src/CMakeFiles/main.dir/home/tharnath/.pico-sdk/sdk/2.0.0/src/rp2_common/pico_bootrom/bootrom.c.obj
                0x100017ac                rom_reset_usb_boot
 .text.__wrap___aeabi_idiv
                0x100017c4       0x50 src/CMakeFiles/main.dir/home/tharnath/.pico-sdk/sdk/2.0.0/src/rp2_common/pico_divider/divider_hardware.S.obj
                0x100017c4                __wrap___aeabi_idivmod
                0x100017c4                divmod_s32s32
                0x100017c4                div_s32s32
                0x100017c4                __wrap___aeabi_idiv
                0x100017cc                divmod_s32s32_unsafe
                0x100017f8                divmod_s32s32_savestate
 .text.__wrap___aeabi_uidiv
                0x10001814       0x4c src/CMakeFiles/main.dir/home/tharnath/.pico-sdk/sdk/2.0.0/src/rp2_common/pico_divider/divider_hardware.S.obj
                0x10001814                __wrap___aeabi_uidiv
                0x10001814                __wrap___aeabi_uidivmod
                0x10001814                div_u32u32
                0x10001814                divmod_u32u32
                0x1000181c                divmod_u32u32_unsafe
                0x10001844                divmod_u32u32_savestate
 .text.__wrap___aeabi_ldiv
                0x10001860      0x424 src/CMakeFiles/main.dir/home/tharnath/.pico-sdk/sdk/2.0.0/src/rp2_common/pico_divider/divider_hardware.S.obj
                0x10001860                div_s64s64
                0x10001860                divmod_s64s64
                0x10001860                __wrap___aeabi_ldivmod
                0x10001890                div_u64u64
                0x10001890                divmod_u64u64
                0x10001890                __wrap___aeabi_uldivmod
                0x100018a0                divmod_u64u64_savestate
                0x100018c0                divmod_s64s64_unsafe
                0x10001948                divmod_u64u64_unsafe
 .text.__wrap___aeabi_darithmetic
                0x10001c84       0x60 src/CMakeFiles/main.dir/home/tharnath/.pico-sdk/sdk/2.0.0/src/rp2_common/pico_double/double_aeabi_rp2040.S.obj
                0x10001c84                __wrap___aeabi_drsub
                0x10001c8a                __wrap___aeabi_dsub
                0x10001c94                __wrap___aeabi_dadd
                0x10001c9e                __wrap___aeabi_ddiv
                0x10001cd2                __wrap___aeabi_dmul
 .text.__wrap___aeabi_cdcmple
                0x10001ce4       0x6c src/CMakeFiles/main.dir/home/tharnath/.pico-sdk/sdk/2.0.0/src/rp2_common/pico_double/double_aeabi_rp2040.S.obj
                0x10001ce4                __wrap___aeabi_cdrcmple
                0x10001cf4                __wrap___aeabi_cdcmple
                0x10001cf4                __wrap___aeabi_cdcmpeq
 .text.__wrap___aeabi_dcmplt
                0x10001d50        0xc src/CMakeFiles/main.dir/home/tharnath/.pico-sdk/sdk/2.0.0/src/rp2_common/pico_double/double_aeabi_rp2040.S.obj
                0x10001d50                __wrap___aeabi_dcmplt
 .text.__wrap___aeabi_dcmple
                0x10001d5c       0x10 src/CMakeFiles/main.dir/home/tharnath/.pico-sdk/sdk/2.0.0/src/rp2_common/pico_double/double_aeabi_rp2040.S.obj
                0x10001d5c                __wrap___aeabi_dcmple
 .text.__wrap___aeabi_dcmpge
                0x10001d6c       0x10 src/CMakeFiles/main.dir/home/tharnath/.pico-sdk/sdk/2.0.0/src/rp2_common/pico_double/double_aeabi_rp2040.S.obj
                0x10001d6c                __wrap___aeabi_dcmpge
 .text.__wrap___aeabi_dcmpgt
                0x10001d7c        0xa src/CMakeFiles/main.dir/home/tharnath/.pico-sdk/sdk/2.0.0/src/rp2_common/pico_double/double_aeabi_rp2040.S.obj
                0x10001d7c                __wrap___aeabi_dcmpgt
 .text.__wrap___aeabi_dcmpun
                0x10001d86       0x18 src/CMakeFiles/main.dir/home/tharnath/.pico-sdk/sdk/2.0.0/src/rp2_common/pico_double/double_aeabi_rp2040.S.obj
                0x10001d86                __wrap___aeabi_dcmpun
 *fill*         0x10001d9e        0x2 
 .text.__wrap___aeabi_i2d
                0x10001da0       0x38 src/CMakeFiles/main.dir/home/tharnath/.pico-sdk/sdk/2.0.0/src/rp2_common/pico_double/double_aeabi_rp2040.S.obj
                0x10001da0                __wrap___aeabi_ui2d
                0x10001da8                __wrap___aeabi_i2d
 .text.__wrap___aeabi_d2iz
                0x10001dd8       0x48 src/CMakeFiles/main.dir/home/tharnath/.pico-sdk/sdk/2.0.0/src/rp2_common/pico_double/double_aeabi_rp2040.S.obj
                0x10001dd8                __wrap___aeabi_d2iz
                0x10001dd8                double2int_z
 .text.__wrap___aeabi_d2uiz
                0x10001e20       0x10 src/CMakeFiles/main.dir/home/tharnath/.pico-sdk/sdk/2.0.0/src/rp2_common/pico_double/double_aeabi_rp2040.S.obj
                0x10001e20                double2uint
                0x10001e20                __wrap___aeabi_d2uiz
 .text.missing_double_func_shim
                0x10001e30        0xc src/CMakeFiles/main.dir/home/tharnath/.pico-sdk/sdk/2.0.0/src/rp2_common/pico_double/double_init_rom_rp2040.c.obj
 .text.__aeabi_double_init
                0x10001e3c       0xd0 src/CMakeFiles/main.dir/home/tharnath/.pico-sdk/sdk/2.0.0/src/rp2_common/pico_double/double_init_rom_rp2040.c.obj
                0x10001e3c                __aeabi_double_init
 .text.double_table_shim_on_use_helper
                0x10001f0c       0x34 src/CMakeFiles/main.dir/home/tharnath/.pico-sdk/sdk/2.0.0/src/rp2_common/pico_double/double_v1_rom_shim_rp2040.S.obj
                0x10001f0c                double_table_shim_on_use_helper
 .text.__aeabi_lmul
                0x10001f40       0x32 src/CMakeFiles/main.dir/home/tharnath/.pico-sdk/sdk/2.0.0/src/rp2_common/pico_int64_ops/pico_int64_ops_aeabi.S.obj
                0x10001f40                __wrap___aeabi_lmul
 *fill*         0x10001f72        0x2 
 .text.missing_float_func_shim
                0x10001f74        0xc src/CMakeFiles/main.dir/home/tharnath/.pico-sdk/sdk/2.0.0/src/rp2_common/pico_float/float_init_rom_rp2040.c.obj
 .text.__aeabi_float_init
                0x10001f80       0x88 src/CMakeFiles/main.dir/home/tharnath/.pico-sdk/sdk/2.0.0/src/rp2_common/pico_float/float_init_rom_rp2040.c.obj
                0x10001f80                __aeabi_float_init
 .text          0x10002008       0x10 src/CMakeFiles/main.dir/home/tharnath/.pico-sdk/sdk/2.0.0/src/rp2_common/pico_mem_ops/mem_ops_aeabi.S.obj
                0x10002008                __aeabi_mem_init
 .text.memset   0x10002018        0xc src/CMakeFiles/main.dir/home/tharnath/.pico-sdk/sdk/2.0.0/src/rp2_common/pico_mem_ops/mem_ops_aeabi.S.obj
                0x10002018                __wrap_memset
 .text.memcpy   0x10002024        0xc src/CMakeFiles/main.dir/home/tharnath/.pico-sdk/sdk/2.0.0/src/rp2_common/pico_mem_ops/mem_ops_aeabi.S.obj
                0x10002024                __wrap___aeabi_memcpy
                0x10002024                __wrap_memcpy
 .text._out_null
                0x10002030        0x2 src/CMakeFiles/main.dir/home/tharnath/.pico-sdk/sdk/2.0.0/src/rp2_common/pico_printf/printf.c.obj
 .text._out_fct
                0x10002032        0xe src/CMakeFiles/main.dir/home/tharnath/.pico-sdk/sdk/2.0.0/src/rp2_common/pico_printf/printf.c.obj
 .text._atoi    0x10002040       0x24 src/CMakeFiles/main.dir/home/tharnath/.pico-sdk/sdk/2.0.0/src/rp2_common/pico_printf/printf.c.obj
 .text._out_rev
                0x10002064       0xae src/CMakeFiles/main.dir/home/tharnath/.pico-sdk/sdk/2.0.0/src/rp2_common/pico_printf/printf.c.obj
 .text._ntoa_format
                0x10002112      0x110 src/CMakeFiles/main.dir/home/tharnath/.pico-sdk/sdk/2.0.0/src/rp2_common/pico_printf/printf.c.obj
 .text._ntoa_long
                0x10002222       0xbc src/CMakeFiles/main.dir/home/tharnath/.pico-sdk/sdk/2.0.0/src/rp2_common/pico_printf/printf.c.obj
 .text._ntoa_long_long
                0x100022de      0x10e src/CMakeFiles/main.dir/home/tharnath/.pico-sdk/sdk/2.0.0/src/rp2_common/pico_printf/printf.c.obj
 .text._etoa    0x100023ec      0x420 src/CMakeFiles/main.dir/home/tharnath/.pico-sdk/sdk/2.0.0/src/rp2_common/pico_printf/printf.c.obj
 .text._ftoa    0x1000280c      0x354 src/CMakeFiles/main.dir/home/tharnath/.pico-sdk/sdk/2.0.0/src/rp2_common/pico_printf/printf.c.obj
 .text._vsnprintf
                0x10002b60      0x668 src/CMakeFiles/main.dir/home/tharnath/.pico-sdk/sdk/2.0.0/src/rp2_common/pico_printf/printf.c.obj
 .text.vfctprintf
                0x100031c8       0x20 src/CMakeFiles/main.dir/home/tharnath/.pico-sdk/sdk/2.0.0/src/rp2_common/pico_printf/printf.c.obj
                0x100031c8                vfctprintf
 .text._exit    0x100031e8        0xa src/CMakeFiles/main.dir/home/tharnath/.pico-sdk/sdk/2.0.0/src/rp2_common/pico_clib_interface/newlib_interface.c.obj
                0x100031e8                _exit
 .text.exit     0x100031f2        0x6 src/CMakeFiles/main.dir/home/tharnath/.pico-sdk/sdk/2.0.0/src/rp2_common/pico_clib_interface/newlib_interface.c.obj
                0x100031f2                exit
 .text.__assert_func
                0x100031f8       0x38 src/CMakeFiles/main.dir/home/tharnath/.pico-sdk/sdk/2.0.0/src/rp2_common/pico_clib_interface/newlib_interface.c.obj
                0x100031f8                __assert_func
 .text.runtime_init
                0x10003230       0x28 src/CMakeFiles/main.dir/home/tharnath/.pico-sdk/sdk/2.0.0/src/rp2_common/pico_clib_interface/newlib_interface.c.obj
                0x10003230                runtime_init
 .text.stdio_out_chars_no_crlf
                0x10003258        0xe src/CMakeFiles/main.dir/home/tharnath/.pico-sdk/sdk/2.0.0/src/rp2_common/pico_stdio/stdio.c.obj
 *fill*         0x10003266        0x2 
 .text.stdio_out_chars_crlf
                0x10003268       0x80 src/CMakeFiles/main.dir/home/tharnath/.pico-sdk/sdk/2.0.0/src/rp2_common/pico_stdio/stdio.c.obj
 .text.stdio_stack_buffer_flush
                0x100032e8       0x44 src/CMakeFiles/main.dir/home/tharnath/.pico-sdk/sdk/2.0.0/src/rp2_common/pico_stdio/stdio.c.obj
 .text.stdio_buffered_printer
                0x1000332c       0x20 src/CMakeFiles/main.dir/home/tharnath/.pico-sdk/sdk/2.0.0/src/rp2_common/pico_stdio/stdio.c.obj
 .text.stdout_serialize_begin
                0x1000334c       0x30 src/CMakeFiles/main.dir/home/tharnath/.pico-sdk/sdk/2.0.0/src/rp2_common/pico_stdio/stdio.c.obj
                0x1000334c                stdout_serialize_begin
 .text.stdout_serialize_end
                0x1000337c       0x10 src/CMakeFiles/main.dir/home/tharnath/.pico-sdk/sdk/2.0.0/src/rp2_common/pico_stdio/stdio.c.obj
                0x1000337c                stdout_serialize_end
 .text.stdio_put_string
                0x1000338c       0x94 src/CMakeFiles/main.dir/home/tharnath/.pico-sdk/sdk/2.0.0/src/rp2_common/pico_stdio/stdio.c.obj
                0x1000338c                stdio_put_string
 .text.stdio_set_driver_enabled
                0x10003420       0x2c src/CMakeFiles/main.dir/home/tharnath/.pico-sdk/sdk/2.0.0/src/rp2_common/pico_stdio/stdio.c.obj
                0x10003420                stdio_set_driver_enabled
 .text.stdio_flush
                0x1000344c       0x20 src/CMakeFiles/main.dir/home/tharnath/.pico-sdk/sdk/2.0.0/src/rp2_common/pico_stdio/stdio.c.obj
                0x1000344c                stdio_flush
 .text.stdio_init_all
                0x1000346c        0xa src/CMakeFiles/main.dir/home/tharnath/.pico-sdk/sdk/2.0.0/src/rp2_common/pico_stdio/stdio.c.obj
                0x1000346c                stdio_init_all
 .text.__wrap_puts
                0x10003476       0x1e src/CMakeFiles/main.dir/home/tharnath/.pico-sdk/sdk/2.0.0/src/rp2_common/pico_stdio/stdio.c.obj
                0x10003476                __wrap_puts
                0x10003476                stdio_puts
 .text.__wrap_vprintf
                0x10003494       0x40 src/CMakeFiles/main.dir/home/tharnath/.pico-sdk/sdk/2.0.0/src/rp2_common/pico_stdio/stdio.c.obj
                0x10003494                __wrap_vprintf
                0x10003494                stdio_vprintf
 .text.__wrap_printf
                0x100034d4       0x18 src/CMakeFiles/main.dir/home/tharnath/.pico-sdk/sdk/2.0.0/src/rp2_common/pico_stdio/stdio.c.obj
                0x100034d4                stdio_printf
                0x100034d4                __wrap_printf
 .text.uart_putc
                0x100034ec       0x60 src/CMakeFiles/main.dir/home/tharnath/.pico-sdk/sdk/2.0.0/src/rp2_common/pico_stdio_uart/stdio_uart.c.obj
 .text.uart_getc
                0x1000354c       0x24 src/CMakeFiles/main.dir/home/tharnath/.pico-sdk/sdk/2.0.0/src/rp2_common/pico_stdio_uart/stdio_uart.c.obj
 .text.stdio_uart_out_chars
                0x10003570       0x20 src/CMakeFiles/main.dir/home/tharnath/.pico-sdk/sdk/2.0.0/src/rp2_common/pico_stdio_uart/stdio_uart.c.obj
 .text.stdio_uart_in_chars
                0x10003590       0x5c src/CMakeFiles/main.dir/home/tharnath/.pico-sdk/sdk/2.0.0/src/rp2_common/pico_stdio_uart/stdio_uart.c.obj
                0x10003590                stdio_uart_in_chars
 .text.on_uart_rx
                0x100035ec       0x28 src/CMakeFiles/main.dir/home/tharnath/.pico-sdk/sdk/2.0.0/src/rp2_common/pico_stdio_uart/stdio_uart.c.obj
 .text.stdio_uart_out_flush
                0x10003614       0x10 src/CMakeFiles/main.dir/home/tharnath/.pico-sdk/sdk/2.0.0/src/rp2_common/pico_stdio_uart/stdio_uart.c.obj
 .text.stdio_uart_set_chars_available_callback
                0x10003624       0x8c src/CMakeFiles/main.dir/home/tharnath/.pico-sdk/sdk/2.0.0/src/rp2_common/pico_stdio_uart/stdio_uart.c.obj
 .text.stdio_uart_init_full
                0x100036b0       0x44 src/CMakeFiles/main.dir/home/tharnath/.pico-sdk/sdk/2.0.0/src/rp2_common/pico_stdio_uart/stdio_uart.c.obj
                0x100036b0                stdio_uart_init_full
 .text.stdio_uart_init
                0x100036f4       0x30 src/CMakeFiles/main.dir/home/tharnath/.pico-sdk/sdk/2.0.0/src/rp2_common/pico_stdio_uart/stdio_uart.c.obj
                0x100036f4                stdio_uart_init
 .text.i2c_unreset
                0x10003724       0x2c src/CMakeFiles/main.dir/home/tharnath/.pico-sdk/sdk/2.0.0/src/rp2_common/hardware_i2c/i2c.c.obj
 .text.i2c_write_blocking_internal
                0x10003750      0x158 src/CMakeFiles/main.dir/home/tharnath/.pico-sdk/sdk/2.0.0/src/rp2_common/hardware_i2c/i2c.c.obj
 .text.i2c_read_blocking_internal
                0x100038a8       0xee src/CMakeFiles/main.dir/home/tharnath/.pico-sdk/sdk/2.0.0/src/rp2_common/hardware_i2c/i2c.c.obj
 *fill*         0x10003996        0x2 
 .text.i2c_set_baudrate
                0x10003998       0xf0 src/CMakeFiles/main.dir/home/tharnath/.pico-sdk/sdk/2.0.0/src/rp2_common/hardware_i2c/i2c.c.obj
                0x10003998                i2c_set_baudrate
 .text.i2c_init
                0x10003a88       0x54 src/CMakeFiles/main.dir/home/tharnath/.pico-sdk/sdk/2.0.0/src/rp2_common/hardware_i2c/i2c.c.obj
                0x10003a88                i2c_init
 .text.i2c_write_blocking
                0x10003adc       0x18 src/CMakeFiles/main.dir/home/tharnath/.pico-sdk/sdk/2.0.0/src/rp2_common/hardware_i2c/i2c.c.obj
                0x10003adc                i2c_write_blocking
 .text.i2c_read_blocking
                0x10003af4       0x18 src/CMakeFiles/main.dir/home/tharnath/.pico-sdk/sdk/2.0.0/src/rp2_common/hardware_i2c/i2c.c.obj
                0x10003af4                i2c_read_blocking
 .text.prvHeapInit
                0x10003b0c       0x58 src/CMakeFiles/main.dir/__/lib/freertos/portable/MemMang/heap_4.c.obj
 .text.pvPortMalloc
                0x10003b64      0x188 src/CMakeFiles/main.dir/__/lib/freertos/portable/MemMang/heap_4.c.obj
                0x10003b64                pvPortMalloc
 .text.prvGetTicksToWaitBefore
                0x10003cec       0x40 src/CMakeFiles/main.dir/__/lib/freertos/portable/ThirdParty/GCC/RP2040/port.c.obj
 .text.vPortYield
                0x10003d2c       0x18 src/CMakeFiles/main.dir/__/lib/freertos/portable/ThirdParty/GCC/RP2040/port.c.obj
                0x10003d2c                vPortYield
 .text.vPortEnterCritical
                0x10003d44       0x18 src/CMakeFiles/main.dir/__/lib/freertos/portable/ThirdParty/GCC/RP2040/port.c.obj
                0x10003d44                vPortEnterCritical
 .text.vPortExitCritical
                0x10003d5c       0x38 src/CMakeFiles/main.dir/__/lib/freertos/portable/ThirdParty/GCC/RP2040/port.c.obj
                0x10003d5c                vPortExitCritical
 .text.ulSetInterruptMaskFromISR
                0x10003d94        0x8 src/CMakeFiles/main.dir/__/lib/freertos/portable/ThirdParty/GCC/RP2040/port.c.obj
                0x10003d94                ulSetInterruptMaskFromISR
 .text.vClearInterruptMaskFromISR
                0x10003d9c        0x6 src/CMakeFiles/main.dir/__/lib/freertos/portable/ThirdParty/GCC/RP2040/port.c.obj
                0x10003d9c                vClearInterruptMaskFromISR
 *fill*         0x10003da2        0x2 
 .text.ulPortLockGetCurrentOwnerId
                0x10003da4       0x2c src/CMakeFiles/main.dir/__/lib/freertos/portable/ThirdParty/GCC/RP2040/port.c.obj
                0x10003da4                ulPortLockGetCurrentOwnerId
 .text.vPortLockInternalSpinUnlockWithWait
                0x10003dd0       0xa8 src/CMakeFiles/main.dir/__/lib/freertos/portable/ThirdParty/GCC/RP2040/port.c.obj
                0x10003dd0                vPortLockInternalSpinUnlockWithWait
 .text.vPortLockInternalSpinUnlockWithNotify
                0x10003e78       0xd4 src/CMakeFiles/main.dir/__/lib/freertos/portable/ThirdParty/GCC/RP2040/port.c.obj
                0x10003e78                vPortLockInternalSpinUnlockWithNotify
 .text.xPortLockInternalSpinUnlockWithBestEffortWaitOrTimeout
                0x10003f4c       0xf8 src/CMakeFiles/main.dir/__/lib/freertos/portable/ThirdParty/GCC/RP2040/port.c.obj
                0x10003f4c                xPortLockInternalSpinUnlockWithBestEffortWaitOrTimeout
 .text.prvRuntimeInitializer
                0x10004044       0x28 src/CMakeFiles/main.dir/__/lib/freertos/portable/ThirdParty/GCC/RP2040/port.c.obj
 .text.prvTestWaitCondition
                0x1000406c       0x1e src/CMakeFiles/main.dir/__/lib/freertos/event_groups.c.obj
 .text.xEventGroupCreate
                0x1000408a       0x18 src/CMakeFiles/main.dir/__/lib/freertos/event_groups.c.obj
                0x1000408a                xEventGroupCreate
 *fill*         0x100040a2        0x2 
 .text.xEventGroupWaitBits
                0x100040a4      0x120 src/CMakeFiles/main.dir/__/lib/freertos/event_groups.c.obj
                0x100040a4                xEventGroupWaitBits
 .text.xEventGroupSetBits
                0x100041c4       0x9c src/CMakeFiles/main.dir/__/lib/freertos/event_groups.c.obj
                0x100041c4                xEventGroupSetBits
 .text.vEventGroupSetBitsCallback
                0x10004260        0x8 src/CMakeFiles/main.dir/__/lib/freertos/event_groups.c.obj
                0x10004260                vEventGroupSetBitsCallback
 .text.xEventGroupSetBitsFromISR
                0x10004268       0x18 src/CMakeFiles/main.dir/__/lib/freertos/event_groups.c.obj
                0x10004268                xEventGroupSetBitsFromISR
 .text.vListInitialise
                0x10004280       0x16 src/CMakeFiles/main.dir/__/lib/freertos/list.c.obj
                0x10004280                vListInitialise
 .text.vListInsert
                0x10004296       0x2e src/CMakeFiles/main.dir/__/lib/freertos/list.c.obj
                0x10004296                vListInsert
 .text.uxListRemove
                0x100042c4       0x24 src/CMakeFiles/main.dir/__/lib/freertos/list.c.obj
                0x100042c4                uxListRemove
 .text.prvCopyDataToQueue
                0x100042e8       0x7e src/CMakeFiles/main.dir/__/lib/freertos/queue.c.obj
 *fill*         0x10004366        0x2 
 .text.prvNotifyQueueSetContainer
                0x10004368       0xa8 src/CMakeFiles/main.dir/__/lib/freertos/queue.c.obj
 .text.xQueueGenericSendFromISR
                0x10004410      0x13c src/CMakeFiles/main.dir/__/lib/freertos/queue.c.obj
                0x10004410                xQueueGenericSendFromISR
 .text.prvResetNextTaskUnblockTime
                0x1000454c       0x2c src/CMakeFiles/main.dir/__/lib/freertos/tasks.c.obj
 .text.prvAddCurrentTaskToDelayedList
                0x10004578       0xa8 src/CMakeFiles/main.dir/__/lib/freertos/tasks.c.obj
 .text.vTaskSuspendAll
                0x10004620       0x10 src/CMakeFiles/main.dir/__/lib/freertos/tasks.c.obj
                0x10004620                vTaskSuspendAll
 .text.uxTaskGetNumberOfTasks
                0x10004630        0xc src/CMakeFiles/main.dir/__/lib/freertos/tasks.c.obj
                0x10004630                uxTaskGetNumberOfTasks
 .text.xTaskIncrementTick
                0x1000463c      0x17c src/CMakeFiles/main.dir/__/lib/freertos/tasks.c.obj
                0x1000463c                xTaskIncrementTick
 .text.xTaskResumeAll
                0x100047b8      0x160 src/CMakeFiles/main.dir/__/lib/freertos/tasks.c.obj
                0x100047b8                xTaskResumeAll
 .text.vTaskPlaceOnUnorderedEventList
                0x10004918       0x80 src/CMakeFiles/main.dir/__/lib/freertos/tasks.c.obj
                0x10004918                vTaskPlaceOnUnorderedEventList
 .text.xTaskRemoveFromEventList
                0x10004998      0x100 src/CMakeFiles/main.dir/__/lib/freertos/tasks.c.obj
                0x10004998                xTaskRemoveFromEventList
 .text.vTaskRemoveFromUnorderedEventList
                0x10004a98       0xf4 src/CMakeFiles/main.dir/__/lib/freertos/tasks.c.obj
                0x10004a98                vTaskRemoveFromUnorderedEventList
 .text.xTaskGetCurrentTaskHandle
                0x10004b8c        0xc src/CMakeFiles/main.dir/__/lib/freertos/tasks.c.obj
                0x10004b8c                xTaskGetCurrentTaskHandle
 .text.xTaskGetSchedulerState
                0x10004b98       0x24 src/CMakeFiles/main.dir/__/lib/freertos/tasks.c.obj
                0x10004b98                xTaskGetSchedulerState
 .text.xTaskPriorityDisinherit
                0x10004bbc       0xc0 src/CMakeFiles/main.dir/__/lib/freertos/tasks.c.obj
                0x10004bbc                xTaskPriorityDisinherit
 .text.uxTaskResetEventItemValue
                0x10004c7c       0x18 src/CMakeFiles/main.dir/__/lib/freertos/tasks.c.obj
                0x10004c7c                uxTaskResetEventItemValue
 .text.xTimerPendFunctionCallFromISR
                0x10004c94       0x28 src/CMakeFiles/main.dir/__/lib/freertos/timers.c.obj
                0x10004c94                xTimerPendFunctionCallFromISR
 .text._retrieve_unique_id_on_boot
                0x10004cbc       0x10 src/CMakeFiles/main.dir/home/tharnath/.pico-sdk/sdk/2.0.0/src/rp2_common/pico_unique_id/unique_id.c.obj
 .text.flash_get_unique_id
                0x10004ccc       0x40 src/CMakeFiles/main.dir/home/tharnath/.pico-sdk/sdk/2.0.0/src/rp2_common/hardware_flash/flash.c.obj
                0x10004ccc                flash_get_unique_id
 .text.strlen   0x10004d0c       0x5c /home/tharnath/.pico-sdk/toolchain/13_2_Rel1/bin/../lib/gcc/arm-none-eabi/13.2.1/../../../../arm-none-eabi/lib/thumb/v6-m/nofp/libg.a(libc_a-strlen-stub.o)
                0x10004d0c                strlen
 *(.fini)
 .fini          0x10004d68        0x4 /home/tharnath/.pico-sdk/toolchain/13_2_Rel1/bin/../lib/gcc/arm-none-eabi/13.2.1/thumb/v6-m/nofp/crti.o
                0x10004d68                _fini
 *fill*         0x10004d6c        0x4 
 .fini.__stub   0x10004d70       0x50 linker stubs
 *crtbegin.o(.ctors)
 *crtbegin?.o(.ctors)
 *(EXCLUDE_FILE(*crtend.o *crtend?.o) .ctors)
 *(SORT_BY_NAME(.ctors.*))
 *(.ctors)
 *crtbegin.o(.dtors)
 *crtbegin?.o(.dtors)
 *(EXCLUDE_FILE(*crtend.o *crtend?.o) .dtors)
 *(SORT_BY_NAME(.dtors.*))
 *(.dtors)
                0x10004dc0                        . = ALIGN (0x4)
                0x10004dc0                        PROVIDE (__preinit_array_start = .)
 *(SORT_BY_NAME(.preinit_array.*))
 .preinit_array.00100
                0x10004dc0        0x4 src/CMakeFiles/main.dir/home/tharnath/.pico-sdk/sdk/2.0.0/src/rp2_common/pico_runtime_init/runtime_init.c.obj
                0x10004dc0                __pre_init_runtime_init_early_resets
 .preinit_array.00101
                0x10004dc4        0x4 src/CMakeFiles/main.dir/home/tharnath/.pico-sdk/sdk/2.0.0/src/rp2_common/pico_runtime_init/runtime_init.c.obj
                0x10004dc4                __pre_init_runtime_init_usb_power_down
 .preinit_array.00275
                0x10004dc8        0x4 src/CMakeFiles/main.dir/home/tharnath/.pico-sdk/sdk/2.0.0/src/rp2_common/pico_bit_ops/bit_ops_aeabi.S.obj
 .preinit_array.00300
                0x10004dcc        0x4 src/CMakeFiles/main.dir/home/tharnath/.pico-sdk/sdk/2.0.0/src/rp2_common/pico_mem_ops/mem_ops_aeabi.S.obj
 .preinit_array.00350
                0x10004dd0        0x4 src/CMakeFiles/main.dir/home/tharnath/.pico-sdk/sdk/2.0.0/src/rp2_common/pico_double/double_aeabi_rp2040.S.obj
 .preinit_array.00350
                0x10004dd4        0x4 src/CMakeFiles/main.dir/home/tharnath/.pico-sdk/sdk/2.0.0/src/rp2_common/pico_float/float_aeabi_rp2040.S.obj
 .preinit_array.00500
                0x10004dd8        0x4 src/CMakeFiles/main.dir/home/tharnath/.pico-sdk/sdk/2.0.0/src/rp2_common/pico_runtime_init/runtime_init.c.obj
                0x10004dd8                __pre_init_runtime_init_clocks
 .preinit_array.00600
                0x10004ddc        0x4 src/CMakeFiles/main.dir/home/tharnath/.pico-sdk/sdk/2.0.0/src/rp2_common/pico_runtime_init/runtime_init.c.obj
                0x10004ddc                __pre_init_runtime_init_post_clock_resets
 .preinit_array.00700
                0x10004de0        0x4 src/CMakeFiles/main.dir/home/tharnath/.pico-sdk/sdk/2.0.0/src/rp2_common/pico_runtime_init/runtime_init.c.obj
                0x10004de0                __pre_init_runtime_init_rp2040_gpio_ie_disable
 .preinit_array.01000
                0x10004de4        0x4 src/CMakeFiles/main.dir/home/tharnath/.pico-sdk/sdk/2.0.0/src/rp2_common/pico_runtime_init/runtime_init.c.obj
                0x10004de4                __pre_init_runtime_init_spin_locks_reset
 .preinit_array.01100
                0x10004de8        0x4 src/CMakeFiles/main.dir/home/tharnath/.pico-sdk/sdk/2.0.0/src/common/pico_sync/mutex.c.obj
                0x10004de8                __pre_init_runtime_init_mutex
 .preinit_array.10080
                0x10004dec        0x4 src/CMakeFiles/main.dir/home/tharnath/.pico-sdk/sdk/2.0.0/src/rp2_common/pico_runtime_init/runtime_init.c.obj
                0x10004dec                __pre_init_runtime_init_install_ram_vector_table
 .preinit_array.11000
                0x10004df0        0x4 src/CMakeFiles/main.dir/home/tharnath/.pico-sdk/sdk/2.0.0/src/common/pico_time/time.c.obj
                0x10004df0                __pre_init_runtime_init_default_alarm_pool
 .preinit_array.YYYYY
                0x10004df4        0x4 src/CMakeFiles/main.dir/home/tharnath/.pico-sdk/sdk/2.0.0/src/rp2_common/pico_runtime/runtime.c.obj
                0x10004df4                __pre_init_first_per_core_initializer
 .preinit_array.ZZZZZ.01200
                0x10004df8        0x4 src/CMakeFiles/main.dir/home/tharnath/.pico-sdk/sdk/2.0.0/src/rp2_common/hardware_irq/irq.c.obj
                0x10004df8                __pre_init_runtime_init_per_core_irq_priorities
 *(.preinit_array)
                0x10004dfc                        PROVIDE (__preinit_array_end = .)
                0x10004dfc                        . = ALIGN (0x4)
                0x10004dfc                        PROVIDE (__init_array_start = .)
 *(SORT_BY_NAME(.init_array.*))
 *(.init_array)
 .init_array    0x10004dfc        0x4 /home/tharnath/.pico-sdk/toolchain/13_2_Rel1/bin/../lib/gcc/arm-none-eabi/13.2.1/thumb/v6-m/nofp/crtbegin.o
 .init_array    0x10004e00        0x4 src/CMakeFiles/main.dir/__/lib/freertos/portable/ThirdParty/GCC/RP2040/port.c.obj
 .init_array    0x10004e04        0x4 src/CMakeFiles/main.dir/home/tharnath/.pico-sdk/sdk/2.0.0/src/rp2_common/pico_unique_id/unique_id.c.obj
                0x10004e08                        PROVIDE (__init_array_end = .)
                0x10004e08                        . = ALIGN (0x4)
                [!provide]                        PROVIDE (__fini_array_start = .)
 *(SORT_BY_NAME(.fini_array.*))
 *(.fini_array)
                [!provide]                        PROVIDE (__fini_array_end = .)
 *(.eh_frame*)
 .eh_frame      0x10004e08        0x0 /home/tharnath/.pico-sdk/toolchain/13_2_Rel1/bin/../lib/gcc/arm-none-eabi/13.2.1/thumb/v6-m/nofp/crtbegin.o
                0x10004e08                        . = ALIGN (0x4)

.glue_7         0x10004e08        0x0
 .glue_7        0x10004e08        0x0 linker stubs

.glue_7t        0x10004e08        0x0
 .glue_7t       0x10004e08        0x0 linker stubs

.vfp11_veneer   0x10004e08        0x0
 .vfp11_veneer  0x10004e08        0x0 linker stubs

.v4_bx          0x10004e08        0x0
 .v4_bx         0x10004e08        0x0 linker stubs

.iplt           0x10004e08        0x0
 .iplt          0x10004e08        0x0 /home/tharnath/.pico-sdk/toolchain/13_2_Rel1/bin/../lib/gcc/arm-none-eabi/13.2.1/thumb/v6-m/nofp/crtbegin.o

.rodata         0x10004e08     0x14d8
 *(EXCLUDE_FILE(*libm.a: *libc.a:*lib_a-mem*.o *libgcc.a:) .rodata*)
 .rodata.main.str1.4
                0x10004e08      0xfc1 src/CMakeFiles/main.dir/main.c.obj
                                 0x17 (size before relaxing)
 .rodata.panic.str1.4
                0x10005dc9       0x12 src/CMakeFiles/main.dir/home/tharnath/.pico-sdk/sdk/2.0.0/src/rp2_common/pico_platform_panic/panic.c.obj
 .rodata.resolve_j_16.str1.4
                0x10005dc9       0x5d src/CMakeFiles/main.dir/home/tharnath/.pico-sdk/sdk/2.0.0/src/rp2_common/hardware_irq/irq.c.obj
 .rodata.make_j_16.str1.4
                0x10005dc9       0x30 src/CMakeFiles/main.dir/home/tharnath/.pico-sdk/sdk/2.0.0/src/rp2_common/hardware_irq/irq.c.obj
 .rodata.insert_bl_32.str1.4
                0x10005dc9       0x10 src/CMakeFiles/main.dir/home/tharnath/.pico-sdk/sdk/2.0.0/src/rp2_common/hardware_irq/irq.c.obj
 .rodata.irq_set_exclusive_handler.str1.4
                0x10005dc9       0x36 src/CMakeFiles/main.dir/home/tharnath/.pico-sdk/sdk/2.0.0/src/rp2_common/hardware_irq/irq.c.obj
 .rodata.irq_remove_handler.str1.4
                0x10005dc9       0x3a src/CMakeFiles/main.dir/home/tharnath/.pico-sdk/sdk/2.0.0/src/rp2_common/hardware_irq/irq.c.obj
 .rodata.irq_add_tail_to_free_list.str1.4
                0x10005dc9       0x3a src/CMakeFiles/main.dir/home/tharnath/.pico-sdk/sdk/2.0.0/src/rp2_common/hardware_irq/irq.c.obj
 *fill*         0x10005dc9        0x3 
 .rodata.__func__.0
                0x10005dcc       0x1a src/CMakeFiles/main.dir/home/tharnath/.pico-sdk/sdk/2.0.0/src/rp2_common/hardware_irq/irq.c.obj
 *fill*         0x10005de6        0x2 
 .rodata.__func__.1
                0x10005de8        0xd src/CMakeFiles/main.dir/home/tharnath/.pico-sdk/sdk/2.0.0/src/rp2_common/hardware_irq/irq.c.obj
 *fill*         0x10005df5        0x3 
 .rodata.__func__.2
                0x10005df8       0x13 src/CMakeFiles/main.dir/home/tharnath/.pico-sdk/sdk/2.0.0/src/rp2_common/hardware_irq/irq.c.obj
 *fill*         0x10005e0b        0x1 
 .rodata.__func__.3
                0x10005e0c        0xa src/CMakeFiles/main.dir/home/tharnath/.pico-sdk/sdk/2.0.0/src/rp2_common/hardware_irq/irq.c.obj
 *fill*         0x10005e16        0x2 
 .rodata.__func__.4
                0x10005e18        0xd src/CMakeFiles/main.dir/home/tharnath/.pico-sdk/sdk/2.0.0/src/rp2_common/hardware_irq/irq.c.obj
 *fill*         0x10005e25        0x3 
 .rodata.__func__.6
                0x10005e28       0x1a src/CMakeFiles/main.dir/home/tharnath/.pico-sdk/sdk/2.0.0/src/rp2_common/hardware_irq/irq.c.obj
 .rodata.runtime_init_mutex.str1.4
                0x10005e42       0x60 src/CMakeFiles/main.dir/home/tharnath/.pico-sdk/sdk/2.0.0/src/common/pico_sync/mutex.c.obj
 .rodata.str1.4
                0x10005e42       0x51 src/CMakeFiles/main.dir/home/tharnath/.pico-sdk/sdk/2.0.0/src/common/pico_sync/mutex.c.obj
 *fill*         0x10005e42        0x2 
 .rodata.__func__.1
                0x10005e44        0xb src/CMakeFiles/main.dir/home/tharnath/.pico-sdk/sdk/2.0.0/src/common/pico_sync/mutex.c.obj
 *fill*         0x10005e4f        0x1 
 .rodata.__func__.3
                0x10005e50       0x18 src/CMakeFiles/main.dir/home/tharnath/.pico-sdk/sdk/2.0.0/src/common/pico_sync/mutex.c.obj
 .rodata.__func__.6
                0x10005e68       0x13 src/CMakeFiles/main.dir/home/tharnath/.pico-sdk/sdk/2.0.0/src/common/pico_sync/mutex.c.obj
 .rodata.alarm_pool_irq_handler.str1.4
                0x10005e7b       0x6b src/CMakeFiles/main.dir/home/tharnath/.pico-sdk/sdk/2.0.0/src/common/pico_time/time.c.obj
 .rodata.alarm_pool_get_default.str1.4
                0x10005e7b       0x21 src/CMakeFiles/main.dir/home/tharnath/.pico-sdk/sdk/2.0.0/src/common/pico_time/time.c.obj
 .rodata.sleep_until.str1.4
                0x10005e7b       0x4d src/CMakeFiles/main.dir/home/tharnath/.pico-sdk/sdk/2.0.0/src/common/pico_time/time.c.obj
 *fill*         0x10005e7b        0x1 
 .rodata.__func__.1
                0x10005e7c       0x17 src/CMakeFiles/main.dir/home/tharnath/.pico-sdk/sdk/2.0.0/src/common/pico_time/time.c.obj
 *fill*         0x10005e93        0x1 
 .rodata.__func__.2
                0x10005e94       0x17 src/CMakeFiles/main.dir/home/tharnath/.pico-sdk/sdk/2.0.0/src/common/pico_time/time.c.obj
 .rodata.timer_hardware_alarm_claim.str1.4
                0x10005eab       0x22 src/CMakeFiles/main.dir/home/tharnath/.pico-sdk/sdk/2.0.0/src/rp2_common/hardware_timer/timer.c.obj
 .rodata.pll_init.str1.4
                0x10005eab      0x11c src/CMakeFiles/main.dir/home/tharnath/.pico-sdk/sdk/2.0.0/src/rp2_common/hardware_pll/pll.c.obj
 *fill*         0x10005eab        0x1 
 .rodata.__func__.0
                0x10005eac        0x9 src/CMakeFiles/main.dir/home/tharnath/.pico-sdk/sdk/2.0.0/src/rp2_common/hardware_pll/pll.c.obj
 .rodata.missing_double_func_shim.str1.4
                0x10005eb5       0x18 src/CMakeFiles/main.dir/home/tharnath/.pico-sdk/sdk/2.0.0/src/rp2_common/pico_double/double_init_rom_rp2040.c.obj
 .rodata.__aeabi_double_init.str1.4
                0x10005eb5       0x9b src/CMakeFiles/main.dir/home/tharnath/.pico-sdk/sdk/2.0.0/src/rp2_common/pico_double/double_init_rom_rp2040.c.obj
 *fill*         0x10005eb5        0x3 
 .rodata.__func__.0
                0x10005eb8       0x14 src/CMakeFiles/main.dir/home/tharnath/.pico-sdk/sdk/2.0.0/src/rp2_common/pico_double/double_init_rom_rp2040.c.obj
 .rodata.missing_float_func_shim.str1.4
                0x10005ecc        0x1 src/CMakeFiles/main.dir/home/tharnath/.pico-sdk/sdk/2.0.0/src/rp2_common/pico_float/float_init_rom_rp2040.c.obj
 .rodata.__aeabi_float_init.str1.4
                0x10005ecc       0x89 src/CMakeFiles/main.dir/home/tharnath/.pico-sdk/sdk/2.0.0/src/rp2_common/pico_float/float_init_rom_rp2040.c.obj
 .rodata.__func__.0
                0x10005ecc       0x13 src/CMakeFiles/main.dir/home/tharnath/.pico-sdk/sdk/2.0.0/src/rp2_common/pico_float/float_init_rom_rp2040.c.obj
 .rodata.str1.4
                0x10005edf       0x30 src/CMakeFiles/main.dir/home/tharnath/.pico-sdk/sdk/2.0.0/src/rp2_common/pico_standard_binary_info/standard_binary_info.c.obj
 *fill*         0x10005edf        0x1 
 .rodata.__bi_84
                0x10005ee0        0xc src/CMakeFiles/main.dir/home/tharnath/.pico-sdk/sdk/2.0.0/src/rp2_common/pico_standard_binary_info/standard_binary_info.c.obj
 .rodata.__bi_60
                0x10005eec        0xc src/CMakeFiles/main.dir/home/tharnath/.pico-sdk/sdk/2.0.0/src/rp2_common/pico_standard_binary_info/standard_binary_info.c.obj
 .rodata.__bi_54
                0x10005ef8        0xc src/CMakeFiles/main.dir/home/tharnath/.pico-sdk/sdk/2.0.0/src/rp2_common/pico_standard_binary_info/standard_binary_info.c.obj
 .rodata.__bi_48
                0x10005f04        0xc src/CMakeFiles/main.dir/home/tharnath/.pico-sdk/sdk/2.0.0/src/rp2_common/pico_standard_binary_info/standard_binary_info.c.obj
 .rodata.__bi_42
                0x10005f10        0xc src/CMakeFiles/main.dir/home/tharnath/.pico-sdk/sdk/2.0.0/src/rp2_common/pico_standard_binary_info/standard_binary_info.c.obj
 .rodata.__bi_34
                0x10005f1c        0xc src/CMakeFiles/main.dir/home/tharnath/.pico-sdk/sdk/2.0.0/src/rp2_common/pico_standard_binary_info/standard_binary_info.c.obj
 .rodata.__bi_26
                0x10005f28        0xc src/CMakeFiles/main.dir/home/tharnath/.pico-sdk/sdk/2.0.0/src/rp2_common/pico_standard_binary_info/standard_binary_info.c.obj
 .rodata._ftoa.str1.4
                0x10005f34       0x15 src/CMakeFiles/main.dir/home/tharnath/.pico-sdk/sdk/2.0.0/src/rp2_common/pico_printf/printf.c.obj
 .rodata._vsnprintf
                0x10005f34      0x19c src/CMakeFiles/main.dir/home/tharnath/.pico-sdk/sdk/2.0.0/src/rp2_common/pico_printf/printf.c.obj
 .rodata.pow10.0
                0x100060d0       0x50 src/CMakeFiles/main.dir/home/tharnath/.pico-sdk/sdk/2.0.0/src/rp2_common/pico_printf/printf.c.obj
 .rodata.__assert_func.str1.4
                0x10006120       0x43 src/CMakeFiles/main.dir/home/tharnath/.pico-sdk/sdk/2.0.0/src/rp2_common/pico_clib_interface/newlib_interface.c.obj
 .rodata.crlf_str.0
                0x10006120        0x2 src/CMakeFiles/main.dir/home/tharnath/.pico-sdk/sdk/2.0.0/src/rp2_common/pico_stdio/stdio.c.obj
 .rodata.str1.4
                0x10006122       0x2c src/CMakeFiles/main.dir/home/tharnath/.pico-sdk/sdk/2.0.0/src/rp2_common/pico_stdio_uart/stdio_uart.c.obj
 *fill*         0x10006122        0x2 
 .rodata.__bi_45.4
                0x10006124        0xc src/CMakeFiles/main.dir/home/tharnath/.pico-sdk/sdk/2.0.0/src/rp2_common/pico_stdio_uart/stdio_uart.c.obj
 .rodata.__bi_49.5
                0x10006130        0x8 src/CMakeFiles/main.dir/home/tharnath/.pico-sdk/sdk/2.0.0/src/rp2_common/pico_stdio_uart/stdio_uart.c.obj
 .rodata.__bi_50.6
                0x10006138        0x8 src/CMakeFiles/main.dir/home/tharnath/.pico-sdk/sdk/2.0.0/src/rp2_common/pico_stdio_uart/stdio_uart.c.obj
 .rodata.i2c_set_baudrate.str1.4
                0x10006140       0x65 src/CMakeFiles/main.dir/home/tharnath/.pico-sdk/sdk/2.0.0/src/rp2_common/hardware_i2c/i2c.c.obj
 .rodata.__func__.0
                0x10006140       0x11 src/CMakeFiles/main.dir/home/tharnath/.pico-sdk/sdk/2.0.0/src/rp2_common/hardware_i2c/i2c.c.obj
 .rodata.prvInsertBlockIntoFreeList.str1.4
                0x10006151       0xcf src/CMakeFiles/main.dir/__/lib/freertos/portable/MemMang/heap_4.c.obj
 .rodata.pvPortMalloc.str1.4
                0x10006151      0x18d src/CMakeFiles/main.dir/__/lib/freertos/portable/MemMang/heap_4.c.obj
 *fill*         0x10006151        0x3 
 .rodata.__func__.2
                0x10006154        0xd src/CMakeFiles/main.dir/__/lib/freertos/portable/MemMang/heap_4.c.obj
 .rodata.vPortEndScheduler.str1.4
                0x10006161       0x6b src/CMakeFiles/main.dir/__/lib/freertos/portable/ThirdParty/GCC/RP2040/port.c.obj
 .rodata.vPortExitCritical.str1.4
                0x10006161       0x12 src/CMakeFiles/main.dir/__/lib/freertos/portable/ThirdParty/GCC/RP2040/port.c.obj
 .rodata.vPortLockInternalSpinUnlockWithWait.str1.4
                0x10006161       0x7e src/CMakeFiles/main.dir/__/lib/freertos/portable/ThirdParty/GCC/RP2040/port.c.obj
 *fill*         0x10006161        0x3 
 .rodata.__func__.0
                0x10006164       0x37 src/CMakeFiles/main.dir/__/lib/freertos/portable/ThirdParty/GCC/RP2040/port.c.obj
 *fill*         0x1000619b        0x1 
 .rodata.__func__.1
                0x1000619c       0x24 src/CMakeFiles/main.dir/__/lib/freertos/portable/ThirdParty/GCC/RP2040/port.c.obj
 .rodata.__func__.3
                0x100061c0       0x12 src/CMakeFiles/main.dir/__/lib/freertos/portable/ThirdParty/GCC/RP2040/port.c.obj
 .rodata.xEventGroupWaitBits.str1.4
                0x100061d2       0xf7 src/CMakeFiles/main.dir/__/lib/freertos/event_groups.c.obj
 .rodata.xEventGroupSetBits.str1.4
                0x100061d2       0x34 src/CMakeFiles/main.dir/__/lib/freertos/event_groups.c.obj
 *fill*         0x100061d2        0x2 
 .rodata.__func__.1
                0x100061d4       0x13 src/CMakeFiles/main.dir/__/lib/freertos/event_groups.c.obj
 *fill*         0x100061e7        0x1 
 .rodata.__func__.3
                0x100061e8       0x14 src/CMakeFiles/main.dir/__/lib/freertos/event_groups.c.obj
 .rodata.prvNotifyQueueSetContainer.str1.4
                0x100061fc       0xc2 src/CMakeFiles/main.dir/__/lib/freertos/queue.c.obj
 .rodata.xQueueGenericReset.str1.4
                0x100061fc       0x2c src/CMakeFiles/main.dir/__/lib/freertos/queue.c.obj
 .rodata.xQueueGenericSend.str1.4
                0x100061fc       0xfb src/CMakeFiles/main.dir/__/lib/freertos/queue.c.obj
 .rodata.__func__.15
                0x100061fc       0x19 src/CMakeFiles/main.dir/__/lib/freertos/queue.c.obj
 *fill*         0x10006215        0x3 
 .rodata.__func__.16
                0x10006218       0x1b src/CMakeFiles/main.dir/__/lib/freertos/queue.c.obj
 .rodata.prvTaskIsTaskSuspended.str1.4
                0x10006233       0x49 src/CMakeFiles/main.dir/__/lib/freertos/tasks.c.obj
 .rodata.xTaskIncrementTick.str1.4
                0x10006233       0x76 src/CMakeFiles/main.dir/__/lib/freertos/tasks.c.obj
 .rodata.xTaskResumeAll.str1.4
                0x10006233       0x1b src/CMakeFiles/main.dir/__/lib/freertos/tasks.c.obj
 .rodata.vTaskPlaceOnEventList.str1.4
                0x10006233        0xc src/CMakeFiles/main.dir/__/lib/freertos/tasks.c.obj
 .rodata.vTaskPlaceOnUnorderedEventList.str1.4
                0x10006233       0x2b src/CMakeFiles/main.dir/__/lib/freertos/tasks.c.obj
 .rodata.xTaskRemoveFromEventList.str1.4
                0x10006233        0xf src/CMakeFiles/main.dir/__/lib/freertos/tasks.c.obj
 .rodata.xTaskPriorityDisinherit.str1.4
                0x10006233       0x2d src/CMakeFiles/main.dir/__/lib/freertos/tasks.c.obj
 *fill*         0x10006233        0x1 
 .rodata.__func__.8
                0x10006234       0x18 src/CMakeFiles/main.dir/__/lib/freertos/tasks.c.obj
 .rodata.__func__.15
                0x1000624c       0x22 src/CMakeFiles/main.dir/__/lib/freertos/tasks.c.obj
 *fill*         0x1000626e        0x2 
 .rodata.__func__.16
                0x10006270       0x19 src/CMakeFiles/main.dir/__/lib/freertos/tasks.c.obj
 *fill*         0x10006289        0x3 
 .rodata.__func__.18
                0x1000628c       0x1f src/CMakeFiles/main.dir/__/lib/freertos/tasks.c.obj
 *fill*         0x100062ab        0x1 
 .rodata.__func__.21
                0x100062ac       0x13 src/CMakeFiles/main.dir/__/lib/freertos/tasks.c.obj
 *fill*         0x100062bf        0x1 
 .rodata.__func__.28
                0x100062c0        0xf src/CMakeFiles/main.dir/__/lib/freertos/tasks.c.obj
 .rodata.str1.4
                0x100062cf      0x199 src/CMakeFiles/main.dir/home/tharnath/.pico-sdk/sdk/2.0.0/src/rp2_common/hardware_flash/flash.c.obj
 *fill*         0x100062cf        0x1 
 .rodata.__func__.0
                0x100062d0        0xd src/CMakeFiles/main.dir/home/tharnath/.pico-sdk/sdk/2.0.0/src/rp2_common/hardware_flash/flash.c.obj
                0x100062e0                        . = ALIGN (0x4)
 *fill*         0x100062dd        0x3 
 *(SORT_BY_ALIGNMENT(SORT_BY_NAME(.flashdata*)))
                0x100062e0                        . = ALIGN (0x4)

.ARM.extab
 *(.ARM.extab* .gnu.linkonce.armextab.*)
                0x100062e0                        __exidx_start = .

.ARM.exidx
 *(.ARM.exidx* .gnu.linkonce.armexidx.*)
                0x100062e0                        __exidx_end = .
                0x100062e0                        . = ALIGN (0x4)
                0x100062e0                        __binary_info_start = .

.binary_info    0x100062e0       0x28
 *(.binary_info.keep.*)
 .binary_info.keep.__bi_ptr84
                0x100062e0        0x4 src/CMakeFiles/main.dir/home/tharnath/.pico-sdk/sdk/2.0.0/src/rp2_common/pico_standard_binary_info/standard_binary_info.c.obj
 .binary_info.keep.__bi_ptr60
                0x100062e4        0x4 src/CMakeFiles/main.dir/home/tharnath/.pico-sdk/sdk/2.0.0/src/rp2_common/pico_standard_binary_info/standard_binary_info.c.obj
 .binary_info.keep.__bi_ptr54
                0x100062e8        0x4 src/CMakeFiles/main.dir/home/tharnath/.pico-sdk/sdk/2.0.0/src/rp2_common/pico_standard_binary_info/standard_binary_info.c.obj
 .binary_info.keep.__bi_ptr48
                0x100062ec        0x4 src/CMakeFiles/main.dir/home/tharnath/.pico-sdk/sdk/2.0.0/src/rp2_common/pico_standard_binary_info/standard_binary_info.c.obj
 .binary_info.keep.__bi_ptr42
                0x100062f0        0x4 src/CMakeFiles/main.dir/home/tharnath/.pico-sdk/sdk/2.0.0/src/rp2_common/pico_standard_binary_info/standard_binary_info.c.obj
 .binary_info.keep.__bi_ptr34
                0x100062f4        0x4 src/CMakeFiles/main.dir/home/tharnath/.pico-sdk/sdk/2.0.0/src/rp2_common/pico_standard_binary_info/standard_binary_info.c.obj
 .binary_info.keep.__bi_ptr26
                0x100062f8        0x4 src/CMakeFiles/main.dir/home/tharnath/.pico-sdk/sdk/2.0.0/src/rp2_common/pico_standard_binary_info/standard_binary_info.c.obj
 *(.binary_info.*)
 .binary_info.__bi_ptr50
                0x100062fc        0x4 src/CMakeFiles/main.dir/home/tharnath/.pico-sdk/sdk/2.0.0/src/rp2_common/pico_stdio_uart/stdio_uart.c.obj
 .binary_info.__bi_ptr49
                0x10006300        0x4 src/CMakeFiles/main.dir/home/tharnath/.pico-sdk/sdk/2.0.0/src/rp2_common/pico_stdio_uart/stdio_uart.c.obj
 .binary_info.__bi_ptr45
                0x10006304        0x4 src/CMakeFiles/main.dir/home/tharnath/.pico-sdk/sdk/2.0.0/src/rp2_common/pico_stdio_uart/stdio_uart.c.obj
                0x10006308                        __binary_info_end = .

.rel.dyn        0x10006308        0x0
 .rel.iplt      0x10006308        0x0 /home/tharnath/.pico-sdk/toolchain/13_2_Rel1/bin/../lib/gcc/arm-none-eabi/13.2.1/thumb/v6-m/nofp/crtbegin.o
                0x10006308                        . = ALIGN (0x4)

.ram_vector_table
                0x20000000       0xc0
 *(.ram_vector_table)
 .ram_vector_table
                0x20000000       0xc0 src/CMakeFiles/main.dir/home/tharnath/.pico-sdk/sdk/2.0.0/src/rp2_common/pico_runtime_init/runtime_init.c.obj
                0x20000000                ram_vector_table

.uninitialized_data
                0x200000c0        0x0
                0x200000c0                        . = ALIGN (0x4)
 *(.uninitialized_data*)

.data           0x200000c0      0x37c load address 0x10006308
                0x200000c0                        __data_start__ = .
 *(vtable)
 *(.time_critical*)
 .time_critical.mutex_try_enter
                0x200000c0       0x42 src/CMakeFiles/main.dir/home/tharnath/.pico-sdk/sdk/2.0.0/src/common/pico_sync/mutex.c.obj
                0x200000c0                mutex_try_enter
 *fill*         0x20000102        0x2 
 .time_critical.mutex_enter_block_until
                0x20000104       0x74 src/CMakeFiles/main.dir/home/tharnath/.pico-sdk/sdk/2.0.0/src/common/pico_sync/mutex.c.obj
                0x20000104                mutex_enter_block_until
 .time_critical.mutex_try_enter_block_until
                0x20000178       0x32 src/CMakeFiles/main.dir/home/tharnath/.pico-sdk/sdk/2.0.0/src/common/pico_sync/mutex.c.obj
                0x20000178                mutex_try_enter_block_until
 *fill*         0x200001aa        0x2 
 .time_critical.mutex_exit
                0x200001ac       0x40 src/CMakeFiles/main.dir/home/tharnath/.pico-sdk/sdk/2.0.0/src/common/pico_sync/mutex.c.obj
                0x200001ac                mutex_exit
 .time_critical.flash_init_boot2_copyout
                0x200001ec       0x30 src/CMakeFiles/main.dir/home/tharnath/.pico-sdk/sdk/2.0.0/src/rp2_common/hardware_flash/flash.c.obj
 .time_critical.flash_enable_xip_via_boot2
                0x2000021c        0xc src/CMakeFiles/main.dir/home/tharnath/.pico-sdk/sdk/2.0.0/src/rp2_common/hardware_flash/flash.c.obj
 .time_critical.flash_cs_force
                0x20000228       0x28 src/CMakeFiles/main.dir/home/tharnath/.pico-sdk/sdk/2.0.0/src/rp2_common/hardware_flash/flash.c.obj
 .time_critical.flash_do_cmd
                0x20000250       0xd8 src/CMakeFiles/main.dir/home/tharnath/.pico-sdk/sdk/2.0.0/src/rp2_common/hardware_flash/flash.c.obj
                0x20000250                flash_do_cmd
 *(.text*)
 .text          0x20000328        0x4 /home/tharnath/.pico-sdk/toolchain/13_2_Rel1/bin/../lib/gcc/arm-none-eabi/13.2.1/thumb/v6-m/nofp/libgcc.a(_dvmd_tls.o)
                0x20000328                __aeabi_ldiv0
                0x20000328                __aeabi_idiv0
 *fill*         0x2000032c        0x4 
 .text.__stub   0x20000330       0x40 linker stubs
                0x20000370                        . = ALIGN (0x4)
 *(.rodata*)
                0x20000370                        . = ALIGN (0x4)
 *(.data*)
 .data.striped_spin_lock_num
                0x20000370        0x1 src/CMakeFiles/main.dir/home/tharnath/.pico-sdk/sdk/2.0.0/src/rp2_common/hardware_sync/sync.c.obj
 *fill*         0x20000371        0x3 
 .data          0x20000374       0x48 src/CMakeFiles/main.dir/home/tharnath/.pico-sdk/sdk/2.0.0/src/rp2_common/hardware_irq/irq_handler_chain.S.obj
                0x20000374                irq_handler_chain_slots
                0x200003a4                irq_handler_chain_first_slot
                0x200003ae                irq_handler_chain_remove_tail
 .data.default_alarm_pool
                0x200003bc       0x18 src/CMakeFiles/main.dir/home/tharnath/.pico-sdk/sdk/2.0.0/src/common/pico_time/time.c.obj
 *fill*         0x200003d4        0xc 
 .data.aeabi_bits_funcs
                0x200003e0       0x10 src/CMakeFiles/main.dir/home/tharnath/.pico-sdk/sdk/2.0.0/src/rp2_common/pico_bit_ops/bit_ops_aeabi.S.obj
                0x200003e0                aeabi_bits_funcs
                0x200003f0                aeabi_bits_funcs_end
 .data.aeabi_mem_funcs
                0x200003f0       0x10 src/CMakeFiles/main.dir/home/tharnath/.pico-sdk/sdk/2.0.0/src/rp2_common/pico_mem_ops/mem_ops_aeabi.S.obj
                0x200003f0                aeabi_mem_funcs
                0x20000400                aeabi_mem_funcs_end
 .data.stdio_uart
                0x20000400       0x18 src/CMakeFiles/main.dir/home/tharnath/.pico-sdk/sdk/2.0.0/src/rp2_common/pico_stdio_uart/stdio_uart.c.obj
                0x20000400                stdio_uart
 .data.i2c1_inst
                0x20000418        0x8 src/CMakeFiles/main.dir/home/tharnath/.pico-sdk/sdk/2.0.0/src/rp2_common/hardware_i2c/i2c.c.obj
                0x20000418                i2c1_inst
 .data.i2c0_inst
                0x20000420        0x8 src/CMakeFiles/main.dir/home/tharnath/.pico-sdk/sdk/2.0.0/src/rp2_common/hardware_i2c/i2c.c.obj
                0x20000420                i2c0_inst
 .data.ucPrimaryCoreNum
                0x20000428        0x1 src/CMakeFiles/main.dir/__/lib/freertos/portable/ThirdParty/GCC/RP2040/port.c.obj
                0x2000042c                        . = ALIGN (0x4)
 *fill*         0x20000429        0x3 
 *(.after_data.*)
                0x2000042c                        . = ALIGN (0x4)
                0x2000042c                        PROVIDE (__mutex_array_start = .)
 *(SORT_BY_NAME(.mutex_array.*))
 *(.mutex_array)
 .mutex_array   0x2000042c        0x8 src/CMakeFiles/main.dir/home/tharnath/.pico-sdk/sdk/2.0.0/src/rp2_common/pico_malloc/malloc.c.obj
 .mutex_array   0x20000434        0x8 src/CMakeFiles/main.dir/home/tharnath/.pico-sdk/sdk/2.0.0/src/rp2_common/pico_stdio/stdio.c.obj
                0x2000043c                        PROVIDE (__mutex_array_end = .)
                0x2000043c                        . = ALIGN (0x4)
 *(.jcr)
                0x2000043c                        . = ALIGN (0x4)

.tm_clone_table
                0x2000043c        0x0 load address 0x10006684
 .tm_clone_table
                0x2000043c        0x0 /home/tharnath/.pico-sdk/toolchain/13_2_Rel1/bin/../lib/gcc/arm-none-eabi/13.2.1/thumb/v6-m/nofp/crtbegin.o
 .tm_clone_table
                0x2000043c        0x0 /home/tharnath/.pico-sdk/toolchain/13_2_Rel1/bin/../lib/gcc/arm-none-eabi/13.2.1/thumb/v6-m/nofp/crtend.o

.igot.plt       0x2000043c        0x0 load address 0x10006684
 .igot.plt      0x2000043c        0x0 /home/tharnath/.pico-sdk/toolchain/13_2_Rel1/bin/../lib/gcc/arm-none-eabi/13.2.1/thumb/v6-m/nofp/crtbegin.o

.tdata          0x2000043c        0x0 load address 0x10006684
                0x2000043c                        . = ALIGN (0x4)
 *(.tdata .tdata.* .gnu.linkonce.td.*)
                0x2000043c                        __tdata_end = .
                0x2000043c                        PROVIDE (__data_end__ = .)
                0x10006308                        __etext = LOADADDR (.data)

.tbss           0x2000043c        0x0 load address 0x10006684
                0x2000043c                        . = ALIGN (0x4)
                0x2000043c                        __bss_start__ = .
                0x2000043c                        __tls_base = .
 *(.tbss .tbss.* .gnu.linkonce.tb.*)
 *(.tcommon)
                0x2000043c                        __tls_end = .

.bss            0x20000440    0x20804 load address 0x10006684
                0x20000440                        . = ALIGN (0x4)
                0x20000440                        __tbss_end = .
 *(SORT_BY_ALIGNMENT(SORT_BY_NAME(.bss*)))
 .bss.default_alarm_pool_entries
                0x20000440      0x180 src/CMakeFiles/main.dir/home/tharnath/.pico-sdk/sdk/2.0.0/src/common/pico_time/time.c.obj
 .bss.boot2_copyout
                0x200005c0      0x100 src/CMakeFiles/main.dir/home/tharnath/.pico-sdk/sdk/2.0.0/src/rp2_common/hardware_flash/flash.c.obj
 .bss.chars_available_callback
                0x200006c0        0x4 src/CMakeFiles/main.dir/home/tharnath/.pico-sdk/sdk/2.0.0/src/rp2_common/pico_stdio_uart/stdio_uart.c.obj
 .bss.chars_available_param
                0x200006c4        0x4 src/CMakeFiles/main.dir/home/tharnath/.pico-sdk/sdk/2.0.0/src/rp2_common/pico_stdio_uart/stdio_uart.c.obj
 .bss.claimed   0x200006c8        0x1 src/CMakeFiles/main.dir/home/tharnath/.pico-sdk/sdk/2.0.0/src/rp2_common/hardware_timer/timer.c.obj
 *fill*         0x200006c9        0x3 
 .bss.configured_freq
                0x200006cc       0x28 src/CMakeFiles/main.dir/home/tharnath/.pico-sdk/sdk/2.0.0/src/rp2_common/hardware_clocks/clocks.c.obj
 .bss.drivers   0x200006f4        0x4 src/CMakeFiles/main.dir/home/tharnath/.pico-sdk/sdk/2.0.0/src/rp2_common/pico_stdio/stdio.c.obj
 .bss.filter    0x200006f8        0x4 src/CMakeFiles/main.dir/home/tharnath/.pico-sdk/sdk/2.0.0/src/rp2_common/pico_stdio/stdio.c.obj
 .bss.object.0  0x200006fc       0x18 /home/tharnath/.pico-sdk/toolchain/13_2_Rel1/bin/../lib/gcc/arm-none-eabi/13.2.1/thumb/v6-m/nofp/crtbegin.o
 .bss.pools     0x20000714       0x10 src/CMakeFiles/main.dir/home/tharnath/.pico-sdk/sdk/2.0.0/src/common/pico_time/time.c.obj
 .bss.pxCrossCoreSpinLock
                0x20000724        0x4 src/CMakeFiles/main.dir/__/lib/freertos/portable/ThirdParty/GCC/RP2040/port.c.obj
 .bss.pxCurrentTCB
                0x20000728        0x4 src/CMakeFiles/main.dir/__/lib/freertos/tasks.c.obj
                0x20000728                pxCurrentTCB
 .bss.pxDelayedTaskList
                0x2000072c        0x4 src/CMakeFiles/main.dir/__/lib/freertos/tasks.c.obj
 .bss.pxEnd     0x20000730        0x4 src/CMakeFiles/main.dir/__/lib/freertos/portable/MemMang/heap_4.c.obj
 .bss.pxOverflowDelayedTaskList
                0x20000734        0x4 src/CMakeFiles/main.dir/__/lib/freertos/tasks.c.obj
 .bss.pxReadyTasksLists
                0x20000738      0x280 src/CMakeFiles/main.dir/__/lib/freertos/tasks.c.obj
 .bss.retrieved_id
                0x200009b8        0x8 src/CMakeFiles/main.dir/home/tharnath/.pico-sdk/sdk/2.0.0/src/rp2_common/pico_unique_id/unique_id.c.obj
 .bss.sd_table  0x200009c0      0x100 src/CMakeFiles/main.dir/home/tharnath/.pico-sdk/sdk/2.0.0/src/rp2_common/pico_double/double_init_rom_rp2040.c.obj
                0x200009c0                sd_table
 .bss.sf_clz_func
                0x20000ac0        0x4 src/CMakeFiles/main.dir/home/tharnath/.pico-sdk/sdk/2.0.0/src/rp2_common/pico_double/double_init_rom_rp2040.c.obj
                0x20000ac0                sf_clz_func
 .bss.sf_table  0x20000ac4      0x100 src/CMakeFiles/main.dir/home/tharnath/.pico-sdk/sdk/2.0.0/src/rp2_common/pico_float/float_init_rom_rp2040.c.obj
                0x20000ac4                sf_table
 .bss.sleep_notifier
                0x20000bc4        0x4 src/CMakeFiles/main.dir/home/tharnath/.pico-sdk/sdk/2.0.0/src/common/pico_time/time.c.obj
 .bss.uart_char_to_line_feed
                0x20000bc8        0x4 src/CMakeFiles/main.dir/home/tharnath/.pico-sdk/sdk/2.0.0/src/rp2_common/hardware_uart/uart.c.obj
                0x20000bc8                uart_char_to_line_feed
 .bss.uart_instance
                0x20000bcc        0x4 src/CMakeFiles/main.dir/home/tharnath/.pico-sdk/sdk/2.0.0/src/rp2_common/pico_stdio_uart/stdio_uart.c.obj
 .bss.ucHeap    0x20000bd0    0x20000 src/CMakeFiles/main.dir/__/lib/freertos/portable/MemMang/heap_4.c.obj
 .bss.uxCriticalNesting
                0x20020bd0        0x4 src/CMakeFiles/main.dir/__/lib/freertos/portable/ThirdParty/GCC/RP2040/port.c.obj
 .bss.uxCrossCoreEventBits
                0x20020bd4        0x4 src/CMakeFiles/main.dir/__/lib/freertos/portable/ThirdParty/GCC/RP2040/port.c.obj
 .bss.uxCurrentNumberOfTasks
                0x20020bd8        0x4 src/CMakeFiles/main.dir/__/lib/freertos/tasks.c.obj
 .bss.uxSchedulerSuspended
                0x20020bdc        0x4 src/CMakeFiles/main.dir/__/lib/freertos/tasks.c.obj
 .bss.uxTopReadyPriority
                0x20020be0        0x4 src/CMakeFiles/main.dir/__/lib/freertos/tasks.c.obj
 .bss.xEventGroup
                0x20020be4        0x4 src/CMakeFiles/main.dir/__/lib/freertos/portable/ThirdParty/GCC/RP2040/port.c.obj
 .bss.xFreeBytesRemaining
                0x20020be8        0x4 src/CMakeFiles/main.dir/__/lib/freertos/portable/MemMang/heap_4.c.obj
 .bss.xMinimumEverFreeBytesRemaining
                0x20020bec        0x4 src/CMakeFiles/main.dir/__/lib/freertos/portable/MemMang/heap_4.c.obj
 .bss.xNextTaskUnblockTime
                0x20020bf0        0x4 src/CMakeFiles/main.dir/__/lib/freertos/tasks.c.obj
 .bss.xNumOfOverflows
                0x20020bf4        0x4 src/CMakeFiles/main.dir/__/lib/freertos/tasks.c.obj
 .bss.xNumberOfSuccessfulAllocations
                0x20020bf8        0x4 src/CMakeFiles/main.dir/__/lib/freertos/portable/MemMang/heap_4.c.obj
 .bss.xPendedTicks
                0x20020bfc        0x4 src/CMakeFiles/main.dir/__/lib/freertos/tasks.c.obj
 .bss.xPendingReadyList
                0x20020c00       0x14 src/CMakeFiles/main.dir/__/lib/freertos/tasks.c.obj
 .bss.xSchedulerRunning
                0x20020c14        0x4 src/CMakeFiles/main.dir/__/lib/freertos/tasks.c.obj
 .bss.xStart    0x20020c18        0x8 src/CMakeFiles/main.dir/__/lib/freertos/portable/MemMang/heap_4.c.obj
 .bss.xSuspendedTaskList
                0x20020c20       0x14 src/CMakeFiles/main.dir/__/lib/freertos/tasks.c.obj
 .bss.xTickCount
                0x20020c34        0x4 src/CMakeFiles/main.dir/__/lib/freertos/tasks.c.obj
 .bss.xTimerQueue
                0x20020c38        0x4 src/CMakeFiles/main.dir/__/lib/freertos/timers.c.obj
 .bss.xYieldPendings
                0x20020c3c        0x4 src/CMakeFiles/main.dir/__/lib/freertos/tasks.c.obj
 .bss.boot2_copyout_valid
                0x20020c40        0x1 src/CMakeFiles/main.dir/home/tharnath/.pico-sdk/sdk/2.0.0/src/rp2_common/hardware_flash/flash.c.obj
 .bss.irq_handler_chain_free_slot_head
                0x20020c41        0x1 src/CMakeFiles/main.dir/home/tharnath/.pico-sdk/sdk/2.0.0/src/rp2_common/hardware_irq/irq.c.obj
 *(COMMON)
                0x20020c44                        . = ALIGN (0x4)
 *fill*         0x20020c42        0x2 
                0x20020c44                        __bss_end__ = .

.heap           0x20020c44    0x1f3bc load address 0x10006684
                0x20020c44                        __end__ = .
                0x20020c44                        end = __end__
 *(.heap*)
 .heap          0x20020c44      0x800 src/CMakeFiles/main.dir/home/tharnath/.pico-sdk/sdk/2.0.0/src/rp2_common/pico_crt0/crt0.S.obj
                0x20040000                        . = (ORIGIN (RAM) + LENGTH (RAM))
 *fill*         0x20021444    0x1ebbc 
                0x20040000                        __HeapLimit = .

.scratch_x      0x20040000        0x0 load address 0x10006684
                0x20040000                        __scratch_x_start__ = .
 *(.scratch_x.*)
                0x20040000                        . = ALIGN (0x4)
                0x20040000                        __scratch_x_end__ = .
                0x10006684                        __scratch_x_source__ = LOADADDR (.scratch_x)

.scratch_y      0x20041000        0x0 load address 0x10006684
                0x20041000                        __scratch_y_start__ = .
 *(.scratch_y.*)
                0x20041000                        . = ALIGN (0x4)
                0x20041000                        __scratch_y_end__ = .
                0x10006684                        __scratch_y_source__ = LOADADDR (.scratch_y)

.stack1_dummy   0x20040000      0x800
 *(.stack1*)
 .stack1        0x20040000      0x800 src/CMakeFiles/main.dir/home/tharnath/.pico-sdk/sdk/2.0.0/src/rp2_common/pico_multicore/multicore.c.obj

.stack_dummy    0x20041000      0x800
 *(.stack*)
 .stack         0x20041000      0x800 src/CMakeFiles/main.dir/home/tharnath/.pico-sdk/sdk/2.0.0/src/rp2_common/pico_crt0/crt0.S.obj

.flash_end      0x10006684        0x0
 *(.embedded_end_block*)
                0x10006684                        PROVIDE (__flash_binary_end = .)
                0x20040000                        __StackLimit = (ORIGIN (RAM) + LENGTH (RAM))
                0x20041000                        __StackOneTop = (ORIGIN (SCRATCH_X) + LENGTH (SCRATCH_X))
                0x20042000                        __StackTop = (ORIGIN (SCRATCH_Y) + LENGTH (SCRATCH_Y))
                0x20040800                        __StackOneBottom = (__StackOneTop - SIZEOF (.stack1_dummy))
                0x20041800                        __StackBottom = (__StackTop - SIZEOF (.stack_dummy))
                0x20042000                        PROVIDE (__stack = __StackTop)
                [!provide]                        PROVIDE (__heap_start = __end__)
                [!provide]                        PROVIDE (__heap_end = __HeapLimit)
                [!provide]                        PROVIDE (__tls_align = MAX (ALIGNOF (.tdata), ALIGNOF (.tbss)))
                [!provide]                        PROVIDE (__tls_size_align = (((__tls_size + __tls_align) - 0x1) & ~ ((__tls_align - 0x1))))
                [!provide]                        PROVIDE (__arm32_tls_tcb_offset = MAX (0x8, __tls_align))
                [!provide]                        PROVIDE (_end = __end__)
                [!provide]                        PROVIDE (__llvm_libc_heap_limit = __HeapLimit)
                0x00000001                        ASSERT ((__StackLimit >= __HeapLimit), region RAM overflowed)
                0x00000001                        ASSERT (((__binary_info_header_end - __logical_binary_start) <= 0x100), Binary info must be in first 256 bytes of the binary)
LOAD src/CMakeFiles/main.dir/main.c.obj
LOAD src/CMakeFiles/main.dir/mpu6050.c.obj
LOAD src/CMakeFiles/main.dir/home/tharnath/.pico-sdk/sdk/2.0.0/src/rp2_common/pico_stdlib/stdlib.c.obj
LOAD src/CMakeFiles/main.dir/home/tharnath/.pico-sdk/sdk/2.0.0/src/rp2_common/hardware_gpio/gpio.c.obj
LOAD src/CMakeFiles/main.dir/home/tharnath/.pico-sdk/sdk/2.0.0/src/rp2040/pico_platform/platform.c.obj
LOAD src/CMakeFiles/main.dir/home/tharnath/.pico-sdk/sdk/2.0.0/src/rp2_common/pico_platform_panic/panic.c.obj
LOAD src/CMakeFiles/main.dir/home/tharnath/.pico-sdk/sdk/2.0.0/src/common/hardware_claim/claim.c.obj
LOAD src/CMakeFiles/main.dir/home/tharnath/.pico-sdk/sdk/2.0.0/src/rp2_common/hardware_sync/sync.c.obj
LOAD src/CMakeFiles/main.dir/home/tharnath/.pico-sdk/sdk/2.0.0/src/rp2_common/hardware_sync_spin_lock/sync_spin_lock.c.obj
LOAD src/CMakeFiles/main.dir/home/tharnath/.pico-sdk/sdk/2.0.0/src/rp2_common/hardware_irq/irq.c.obj
LOAD src/CMakeFiles/main.dir/home/tharnath/.pico-sdk/sdk/2.0.0/src/rp2_common/hardware_irq/irq_handler_chain.S.obj
LOAD src/CMakeFiles/main.dir/home/tharnath/.pico-sdk/sdk/2.0.0/src/common/pico_sync/sem.c.obj
LOAD src/CMakeFiles/main.dir/home/tharnath/.pico-sdk/sdk/2.0.0/src/common/pico_sync/lock_core.c.obj
LOAD src/CMakeFiles/main.dir/home/tharnath/.pico-sdk/sdk/2.0.0/src/common/pico_sync/mutex.c.obj
LOAD src/CMakeFiles/main.dir/home/tharnath/.pico-sdk/sdk/2.0.0/src/common/pico_sync/critical_section.c.obj
LOAD src/CMakeFiles/main.dir/home/tharnath/.pico-sdk/sdk/2.0.0/src/common/pico_time/time.c.obj
LOAD src/CMakeFiles/main.dir/home/tharnath/.pico-sdk/sdk/2.0.0/src/common/pico_time/timeout_helper.c.obj
LOAD src/CMakeFiles/main.dir/home/tharnath/.pico-sdk/sdk/2.0.0/src/rp2_common/hardware_timer/timer.c.obj
LOAD src/CMakeFiles/main.dir/home/tharnath/.pico-sdk/sdk/2.0.0/src/common/pico_util/datetime.c.obj
LOAD src/CMakeFiles/main.dir/home/tharnath/.pico-sdk/sdk/2.0.0/src/common/pico_util/pheap.c.obj
LOAD src/CMakeFiles/main.dir/home/tharnath/.pico-sdk/sdk/2.0.0/src/common/pico_util/queue.c.obj
LOAD src/CMakeFiles/main.dir/home/tharnath/.pico-sdk/sdk/2.0.0/src/rp2_common/hardware_uart/uart.c.obj
LOAD src/CMakeFiles/main.dir/home/tharnath/.pico-sdk/sdk/2.0.0/src/rp2_common/hardware_clocks/clocks.c.obj
LOAD src/CMakeFiles/main.dir/home/tharnath/.pico-sdk/sdk/2.0.0/src/rp2_common/hardware_pll/pll.c.obj
LOAD src/CMakeFiles/main.dir/home/tharnath/.pico-sdk/sdk/2.0.0/src/rp2_common/hardware_vreg/vreg.c.obj
LOAD src/CMakeFiles/main.dir/home/tharnath/.pico-sdk/sdk/2.0.0/src/rp2_common/hardware_watchdog/watchdog.c.obj
LOAD src/CMakeFiles/main.dir/home/tharnath/.pico-sdk/sdk/2.0.0/src/rp2_common/hardware_ticks/ticks.c.obj
LOAD src/CMakeFiles/main.dir/home/tharnath/.pico-sdk/sdk/2.0.0/src/rp2_common/hardware_xosc/xosc.c.obj
LOAD src/CMakeFiles/main.dir/home/tharnath/.pico-sdk/sdk/2.0.0/src/rp2_common/hardware_divider/divider.S.obj
LOAD src/CMakeFiles/main.dir/home/tharnath/.pico-sdk/sdk/2.0.0/src/rp2_common/pico_runtime/runtime.c.obj
LOAD src/CMakeFiles/main.dir/home/tharnath/.pico-sdk/sdk/2.0.0/src/rp2_common/pico_runtime_init/runtime_init.c.obj
LOAD src/CMakeFiles/main.dir/home/tharnath/.pico-sdk/sdk/2.0.0/src/rp2_common/pico_runtime_init/runtime_init_clocks.c.obj
LOAD src/CMakeFiles/main.dir/home/tharnath/.pico-sdk/sdk/2.0.0/src/rp2_common/pico_runtime_init/runtime_init_stack_guard.c.obj
LOAD src/CMakeFiles/main.dir/home/tharnath/.pico-sdk/sdk/2.0.0/src/rp2_common/pico_bit_ops/bit_ops_aeabi.S.obj
LOAD src/CMakeFiles/main.dir/home/tharnath/.pico-sdk/sdk/2.0.0/src/rp2_common/pico_bootrom/bootrom.c.obj
LOAD src/CMakeFiles/main.dir/home/tharnath/.pico-sdk/sdk/2.0.0/src/rp2_common/pico_bootrom/bootrom_lock.c.obj
LOAD src/CMakeFiles/main.dir/home/tharnath/.pico-sdk/sdk/2.0.0/src/rp2_common/hardware_boot_lock/boot_lock.c.obj
LOAD src/CMakeFiles/main.dir/home/tharnath/.pico-sdk/sdk/2.0.0/src/rp2_common/pico_divider/divider_hardware.S.obj
LOAD src/CMakeFiles/main.dir/home/tharnath/.pico-sdk/sdk/2.0.0/src/rp2_common/pico_double/double_aeabi_rp2040.S.obj
LOAD src/CMakeFiles/main.dir/home/tharnath/.pico-sdk/sdk/2.0.0/src/rp2_common/pico_double/double_init_rom_rp2040.c.obj
LOAD src/CMakeFiles/main.dir/home/tharnath/.pico-sdk/sdk/2.0.0/src/rp2_common/pico_double/double_math.c.obj
LOAD src/CMakeFiles/main.dir/home/tharnath/.pico-sdk/sdk/2.0.0/src/rp2_common/pico_double/double_v1_rom_shim_rp2040.S.obj
LOAD src/CMakeFiles/main.dir/home/tharnath/.pico-sdk/sdk/2.0.0/src/rp2_common/pico_int64_ops/pico_int64_ops_aeabi.S.obj
LOAD src/CMakeFiles/main.dir/home/tharnath/.pico-sdk/sdk/2.0.0/src/rp2_common/pico_float/float_aeabi_rp2040.S.obj
LOAD src/CMakeFiles/main.dir/home/tharnath/.pico-sdk/sdk/2.0.0/src/rp2_common/pico_float/float_init_rom_rp2040.c.obj
LOAD src/CMakeFiles/main.dir/home/tharnath/.pico-sdk/sdk/2.0.0/src/rp2_common/pico_float/float_math.c.obj
LOAD src/CMakeFiles/main.dir/home/tharnath/.pico-sdk/sdk/2.0.0/src/rp2_common/pico_float/float_v1_rom_shim_rp2040.S.obj
LOAD src/CMakeFiles/main.dir/home/tharnath/.pico-sdk/sdk/2.0.0/src/rp2_common/pico_malloc/malloc.c.obj
LOAD src/CMakeFiles/main.dir/home/tharnath/.pico-sdk/sdk/2.0.0/src/rp2_common/pico_mem_ops/mem_ops_aeabi.S.obj
LOAD src/CMakeFiles/main.dir/home/tharnath/.pico-sdk/sdk/2.0.0/src/rp2_common/pico_atomic/atomic.c.obj
LOAD src/CMakeFiles/main.dir/home/tharnath/.pico-sdk/sdk/2.0.0/src/rp2_common/pico_cxx_options/new_delete.cpp.obj
LOAD src/CMakeFiles/main.dir/home/tharnath/.pico-sdk/sdk/2.0.0/src/rp2_common/pico_standard_binary_info/standard_binary_info.c.obj
LOAD src/CMakeFiles/main.dir/home/tharnath/.pico-sdk/sdk/2.0.0/src/rp2_common/pico_printf/printf.c.obj
LOAD src/CMakeFiles/main.dir/home/tharnath/.pico-sdk/sdk/2.0.0/src/rp2_common/pico_crt0/crt0.S.obj
LOAD src/CMakeFiles/main.dir/home/tharnath/.pico-sdk/sdk/2.0.0/src/rp2_common/pico_clib_interface/newlib_interface.c.obj
LOAD src/CMakeFiles/main.dir/home/tharnath/.pico-sdk/sdk/2.0.0/src/rp2_common/pico_stdio/stdio.c.obj
LOAD src/CMakeFiles/main.dir/home/tharnath/.pico-sdk/sdk/2.0.0/src/rp2_common/pico_stdio_uart/stdio_uart.c.obj
LOAD src/CMakeFiles/main.dir/home/tharnath/.pico-sdk/sdk/2.0.0/src/rp2_common/pico_multicore/multicore.c.obj
LOAD src/CMakeFiles/main.dir/home/tharnath/.pico-sdk/sdk/2.0.0/src/rp2_common/hardware_i2c/i2c.c.obj
LOAD src/CMakeFiles/main.dir/home/tharnath/.pico-sdk/sdk/2.0.0/src/rp2_common/pico_async_context/async_context_freertos.c.obj
LOAD src/CMakeFiles/main.dir/home/tharnath/.pico-sdk/sdk/2.0.0/src/rp2_common/pico_async_context/async_context_base.c.obj
LOAD src/CMakeFiles/main.dir/__/lib/freertos/portable/MemMang/heap_4.c.obj
LOAD src/CMakeFiles/main.dir/__/lib/freertos/portable/ThirdParty/GCC/RP2040/port.c.obj
LOAD src/CMakeFiles/main.dir/__/lib/freertos/croutine.c.obj
LOAD src/CMakeFiles/main.dir/__/lib/freertos/event_groups.c.obj
LOAD src/CMakeFiles/main.dir/__/lib/freertos/list.c.obj
LOAD src/CMakeFiles/main.dir/__/lib/freertos/queue.c.obj
LOAD src/CMakeFiles/main.dir/__/lib/freertos/stream_buffer.c.obj
LOAD src/CMakeFiles/main.dir/__/lib/freertos/tasks.c.obj
LOAD src/CMakeFiles/main.dir/__/lib/freertos/timers.c.obj
LOAD src/CMakeFiles/main.dir/home/tharnath/.pico-sdk/sdk/2.0.0/src/rp2_common/hardware_exception/exception.c.obj
LOAD src/CMakeFiles/main.dir/home/tharnath/.pico-sdk/sdk/2.0.0/src/rp2_common/pico_cyw43_arch/cyw43_arch.c.obj
LOAD src/CMakeFiles/main.dir/home/tharnath/.pico-sdk/sdk/2.0.0/src/rp2_common/pico_cyw43_arch/cyw43_arch_poll.c.obj
LOAD src/CMakeFiles/main.dir/home/tharnath/.pico-sdk/sdk/2.0.0/src/rp2_common/pico_cyw43_arch/cyw43_arch_threadsafe_background.c.obj
LOAD src/CMakeFiles/main.dir/home/tharnath/.pico-sdk/sdk/2.0.0/src/rp2_common/pico_cyw43_arch/cyw43_arch_freertos.c.obj
LOAD src/CMakeFiles/main.dir/home/tharnath/.pico-sdk/sdk/2.0.0/src/rp2_common/pico_unique_id/unique_id.c.obj
LOAD src/CMakeFiles/main.dir/home/tharnath/.pico-sdk/sdk/2.0.0/src/rp2_common/hardware_flash/flash.c.obj
LOAD src/CMakeFiles/main.dir/home/tharnath/.pico-sdk/sdk/2.0.0/src/rp2_common/pico_cyw43_driver/cyw43_bus_pio_spi.c.obj
LOAD src/CMakeFiles/main.dir/home/tharnath/.pico-sdk/sdk/2.0.0/lib/cyw43-driver/src/cyw43_ll.c.obj
LOAD src/CMakeFiles/main.dir/home/tharnath/.pico-sdk/sdk/2.0.0/lib/cyw43-driver/src/cyw43_stats.c.obj
LOAD src/CMakeFiles/main.dir/home/tharnath/.pico-sdk/sdk/2.0.0/lib/cyw43-driver/src/cyw43_lwip.c.obj
LOAD src/CMakeFiles/main.dir/home/tharnath/.pico-sdk/sdk/2.0.0/lib/cyw43-driver/src/cyw43_ctrl.c.obj
LOAD src/CMakeFiles/main.dir/home/tharnath/.pico-sdk/sdk/2.0.0/src/rp2_common/pico_cyw43_driver/cybt_shared_bus/cybt_shared_bus.c.obj
LOAD src/CMakeFiles/main.dir/home/tharnath/.pico-sdk/sdk/2.0.0/src/rp2_common/pico_cyw43_driver/cybt_shared_bus/cybt_shared_bus_driver.c.obj
LOAD src/CMakeFiles/main.dir/home/tharnath/.pico-sdk/sdk/2.0.0/src/rp2_common/hardware_pio/pio.c.obj
LOAD src/CMakeFiles/main.dir/home/tharnath/.pico-sdk/sdk/2.0.0/src/rp2_common/hardware_dma/dma.c.obj
LOAD src/CMakeFiles/main.dir/home/tharnath/.pico-sdk/sdk/2.0.0/src/rp2_common/pico_cyw43_driver/cyw43_driver.c.obj
LOAD src/CMakeFiles/main.dir/home/tharnath/.pico-sdk/sdk/2.0.0/src/rp2_common/pico_async_context/async_context_threadsafe_background.c.obj
LOAD /tmp/ccj5nZNB.o
START GROUP
LOAD /home/tharnath/.pico-sdk/toolchain/13_2_Rel1/bin/../lib/gcc/arm-none-eabi/13.2.1/thumb/v6-m/nofp/libgcc.a
LOAD /home/tharnath/.pico-sdk/toolchain/13_2_Rel1/bin/../lib/gcc/arm-none-eabi/13.2.1/../../../../arm-none-eabi/lib/thumb/v6-m/nofp/libg.a